
> ontology-financial-workbench-v14@1.4.0 test
> node --test tests/*.test.mjs composite/tests/*.test.mjs

TAP version 13
# Subtest: 21 unique enterprise objects replace the three duplicate financing nodes
ok 1 - 21 unique enterprise objects replace the three duplicate financing nodes
  ---
  duration_ms: 70.262333
  type: 'test'
  ...
# Subtest: all financing, model, decision and risk aliases resolve to the same enterprise
ok 2 - all financing, model, decision and risk aliases resolve to the same enterprise
  ---
  duration_ms: 285.929708
  type: 'test'
  ...
# Subtest: all active relationships, events and series reference existing objects after consolidation
ok 3 - all active relationships, events and series reference existing objects after consolidation
  ---
  duration_ms: 0.201709
  type: 'test'
  ...
# Subtest: merged financing and risk facts retain their original version and values
ok 4 - merged financing and risk facts retain their original version and values
  ---
  duration_ms: 118.10825
  type: 'test'
  ...
# Subtest: coordinates are distributed, in China city ranges and explicitly synthetic
ok 5 - coordinates are distributed, in China city ranges and explicitly synthetic
  ---
  duration_ms: 0.288416
  type: 'test'
  ...
# Subtest: no financing values are invented for enterprises without a financing source
ok 6 - no financing values are invented for enterprises without a financing source
  ---
  duration_ms: 0.102375
  type: 'test'
  ...
# Subtest: host selection deduplicates aliases while preserving the requested business view
ok 7 - host selection deduplicates aliases while preserving the requested business view
  ---
  duration_ms: 125.695083
  type: 'test'
  ...
# Subtest: model consumers match both domains through the master without changing source envelopes
ok 8 - model consumers match both domains through the master without changing source envelopes
  ---
  duration_ms: 11.486292
  type: 'test'
  ...
# Subtest: v1.3.0 parent directory exactly matches the anchored parent commit
ok 9 - v1.3.0 parent directory exactly matches the anchored parent commit
  ---
  duration_ms: 20207.137958
  type: 'test'
  ...
# Subtest: v1.2.0 and v1.1.0 baselines remain unchanged
ok 10 - v1.2.0 and v1.1.0 baselines remain unchanged
  ---
  duration_ms: 16633.927708
  type: 'test'
  ...
# Subtest: readability distinguishes regular controls, headings and technical identifiers
ok 11 - readability distinguishes regular controls, headings and technical identifiers
  ---
  duration_ms: 9.94375
  type: 'test'
  ...
# Subtest: small CSS fonts are raised without reducing metric values or changing visibility
ok 12 - small CSS fonts are raised without reducing metric values or changing visibility
  ---
  duration_ms: 0.595916
  type: 'test'
  ...
# Subtest: responsive rules retain their font expression and newly loaded sheets are handled
ok 13 - responsive rules retain their font expression and newly loaded sheets are handled
  ---
  duration_ms: 0.321334
  type: 'test'
  ...
# Subtest: supplementary data content is placed inside the scrolling page, never before a full-height app
ok 14 - supplementary data content is placed inside the scrolling page, never before a full-height app
  ---
  duration_ms: 412.836667
  type: 'test'
  ...
# Subtest: v1.4 candidate serves the local Shell and reused model runtime
ok 15 - v1.4 candidate serves the local Shell and reused model runtime
  ---
  duration_ms: 16001.821875
  type: 'test'
  ...
# Subtest: v1.4 inherits v1.3.2 with the original frozen ancestor anchors
ok 16 - v1.4 inherits v1.3.2 with the original frozen ancestor anchors
  ---
  duration_ms: 960.681083
  type: 'test'
  ...
# Subtest: one Shell registers M01-M08 and the business cockpit once
ok 17 - one Shell registers M01-M08 and the business cockpit once
  ---
  duration_ms: 117.628917
  type: 'test'
  ...
# Subtest: homepage keeps the fixed three-domain architecture and real feature launcher
ok 18 - homepage keeps the fixed three-domain architecture and real feature launcher
  ---
  duration_ms: 822.981625
  type: 'test'
  ...
# Subtest: module tasks stay in the Shell with a shared horizontal cockpit layout
ok 19 - module tasks stay in the Shell with a shared horizontal cockpit layout
  ---
  duration_ms: 458.940208
  type: 'test'
  ...
# Subtest: WorkspaceContext remains canonical and synchronized without a global context chip
ok 20 - WorkspaceContext remains canonical and synchronized without a global context chip
  ---
  duration_ms: 298.632291
  type: 'test'
  ...
# Subtest: M07 provides discovery plus six shared-context lenses
ok 21 - M07 provides discovery plus six shared-context lenses
  ---
  duration_ms: 475.432667
  type: 'test'
  ...
# Subtest: M08 is objective-centric, generic and retains the real Python/Git drilldown
ok 22 - M08 is objective-centric, generic and retains the real Python/Git drilldown
  ---
  duration_ms: 389.677792
  type: 'test'
  ...
# Subtest: inherited real workspaces retain query animation, action, decision and report flows
ok 23 - inherited real workspaces retain query animation, action, decision and report flows
  ---
  duration_ms: 1.489166
  type: 'test'
  ...
# Subtest: candidate pages contain no redirect wrappers or background polling loops
ok 24 - candidate pages contain no redirect wrappers or background polling loops
  ---
  duration_ms: 2871.790667
  type: 'test'
  ...
# Subtest: cross-tab state changes never force a full page reload
ok 25 - cross-tab state changes never force a full page reload
  ---
  duration_ms: 64.079416
  type: 'test'
  ...
# Subtest: M07 receives host context only after its resource reports ready
ok 26 - M07 receives host context only after its resource reports ready
  ---
  duration_ms: 0.707291
  type: 'test'
  ...
# Subtest: Dashboard switches business views without rebuilding its iframe
ok 27 - Dashboard switches business views without rebuilding its iframe
  ---
  duration_ms: 49.087459
  type: 'test'
  ...
# Subtest: popstate, hashchange and stale frame callbacks remain guarded
ok 28 - popstate, hashchange and stale frame callbacks remain guarded
  ---
  duration_ms: 15.848541
  type: 'test'
  ...
# Subtest: required desktop and mobile layouts have explicit responsive rules
ok 29 - required desktop and mobile layouts have explicit responsive rules
  ---
  duration_ms: 19.646667
  type: 'test'
  ...
# Subtest: baseline query settings and Agent authoring routes remain reachable from the Shell
ok 30 - baseline query settings and Agent authoring routes remain reachable from the Shell
  ---
  duration_ms: 726.940375
  type: 'test'
  ...
# Subtest: model question history freezes the answer, result version and original object scope
ok 31 - model question history freezes the answer, result version and original object scope
  ---
  duration_ms: 1593.537959
  type: 'test'
  ...
# Subtest: failed and cancelled queries do not get recorded as successful conversations
ok 32 - failed and cancelled queries do not get recorded as successful conversations
  ---
  duration_ms: 292.603667
  type: 'test'
  ...
# Subtest: CSV preserves values and provenance while quoting delimiters and neutralizing formulas
ok 33 - CSV preserves values and provenance while quoting delimiters and neutralizing formulas
  ---
  duration_ms: 861.226875
  type: 'test'
  ...
# Subtest: decision projection distinguishes cancelled, failed and executing tasks
ok 34 - decision projection distinguishes cancelled, failed and executing tasks
  ---
  duration_ms: 248.762791
  type: 'test'
  ...
# Subtest: decision summary counts and detail filters use identical stage groups
ok 35 - decision summary counts and detail filters use identical stage groups
  ---
  duration_ms: 0.767625
  type: 'test'
  ...
# Subtest: task corrections take precedence over the original assignment without losing execution stage
ok 36 - task corrections take precedence over the original assignment without losing execution stage
  ---
  duration_ms: 425.696458
  type: 'test'
  ...
# Subtest: baseline business answers do not inherit a previously viewed model answer or model version
ok 37 - baseline business answers do not inherit a previously viewed model answer or model version
  ---
  duration_ms: 545.089958
  type: 'test'
  ...
# Subtest: baseline historyRuns are resolved by the selected run without falling back to a live answer
ok 38 - baseline historyRuns are resolved by the selected run without falling back to a live answer
  ---
  duration_ms: 68.877917
  type: 'test'
  ...
# Subtest: numeric input rejects null, empty, codes and booleans but retains zero and negatives
ok 39 - numeric input rejects null, empty, codes and booleans but retains zero and negatives
  ---
  duration_ms: 756.693834
  type: 'test'
  ...
# Subtest: requested result mode never falls through to another available envelope
ok 40 - requested result mode never falls through to another available envelope
  ---
  duration_ms: 792.537042
  type: 'test'
  ...
# Subtest: explicit current object, object set and all scopes are respected
ok 41 - explicit current object, object set and all scopes are respected
  ---
  duration_ms: 720.466875
  type: 'test'
  ...
# Subtest: explicit cross-module identity mappings do not guess other objects
ok 42 - explicit cross-module identity mappings do not guess other objects
  ---
  duration_ms: 15.277291
  type: 'test'
  ...
# Subtest: report snapshot retains exact result and model provenance without promoting null values
ok 43 - report snapshot retains exact result and model provenance without promoting null values
  ---
  duration_ms: 0.660333
  type: 'test'
  ...
# Subtest: report writes are idempotent, editable and isolated from older versions
ok 44 - report writes are idempotent, editable and isolated from older versions
  ---
  duration_ms: 1323.283417
  type: 'test'
  ...
# Subtest: explicit target switch clears incompatible selection atomically and keeps target identity
ok 45 - explicit target switch clears incompatible selection atomically and keeps target identity
  ---
  duration_ms: 167.171083
  type: 'test'
  ...
# Subtest: metric lookup matches the selected version and never another version of the same model
ok 46 - metric lookup matches the selected version and never another version of the same model
  ---
  duration_ms: 659.701083
  type: 'test'
  ...
# Subtest: metric formatting uses metric types, not the magnitude of a value
ok 47 - metric formatting uses metric types, not the magnitude of a value
  ---
  duration_ms: 811.130375
  type: 'test'
  ...
# Subtest: candidate return cannot substitute simulation or another subject
ok 48 - candidate return cannot substitute simulation or another subject
  ---
  duration_ms: 128.787667
  type: 'test'
  ...
# Subtest: expanding both sides of a cyclic relationship terminates without duplicating nodes
ok 49 - expanding both sides of a cyclic relationship terminates without duplicating nodes
  ---
  duration_ms: 152.779791
  type: 'test'
  ...
# Subtest: box selection intersects rather than overwrites the original enterprise scope
ok 50 - box selection intersects rather than overwrites the original enterprise scope
  ---
  duration_ms: 793.267584
  type: 'test'
  ...
# Subtest: empty business/query scopes stay empty until the user explicitly shows all enterprises
ok 51 - empty business/query scopes stay empty until the user explicitly shows all enterprises
  ---
  duration_ms: 532.363084
  type: 'test'
  ...
# Subtest: named enterprise questions can leave the previous geographic box explicitly
ok 52 - named enterprise questions can leave the previous geographic box explicitly
  ---
  duration_ms: 1783.108833
  type: 'test'
  ...
# Subtest: box filters persist and undo independently without deleting saved business records
ok 53 - box filters persist and undo independently without deleting saved business records
  ---
  duration_ms: 0.479167
  type: 'test'
  ...
# Subtest: restored box IDs are validated and deduplicated without broadening an empty scope
ok 54 - restored box IDs are validated and deduplicated without broadening an empty scope
  ---
  duration_ms: 0.227667
  type: 'test'
  ...
# Subtest: dataset identities, foreign keys and digest are valid
ok 55 - dataset identities, foreign keys and digest are valid
  ---
  duration_ms: 419.037583
  type: 'test'
  ...
# Subtest: invalid identity, dates, locations and ownership are rejected
ok 56 - invalid identity, dates, locations and ownership are rejected
  ---
  duration_ms: 3.002834
  type: 'test'
  ...
# Subtest: all three source financing aggregates reconcile exactly
ok 57 - all three source financing aggregates reconcile exactly
  ---
  duration_ms: 2.430959
  type: 'test'
  ...
# Subtest: cost is principal weighted, not average of enterprises
ok 58 - cost is principal weighted, not average of enterprises
  ---
  duration_ms: 3.017333
  type: 'test'
  ...
# Subtest: unique loan IDs counted once; guarantees and unused facilities not principal
ok 59 - unique loan IDs counted once; guarantees and unused facilities not principal
  ---
  duration_ms: 3.309375
  type: 'test'
  ...
# Subtest: empty object scope never becomes all; zero principal means no available cost
ok 60 - empty object scope never becomes all; zero principal means no available cost
  ---
  duration_ms: 268.517333
  type: 'test'
  ...
# Subtest: maturity window excludes asOf and includes the exact horizon endpoint
ok 61 - maturity window excludes asOf and includes the exact horizon endpoint
  ---
  duration_ms: 1.048084
  type: 'test'
  ...
# Subtest: facilities must remain valid through the end of the selected window
ok 62 - facilities must remain valid through the end of the selected window
  ---
  duration_ms: 2.402166
  type: 'test'
  ...
# Subtest: cash from a surplus enterprise cannot cancel another enterprise gap
ok 63 - cash from a surplus enterprise cannot cancel another enterprise gap
  ---
  duration_ms: 1243.834791
  type: 'test'
  ...
# Subtest: scenario changes only scoped floating rates; input data and risk scores remain immutable
ok 64 - scenario changes only scoped floating rates; input data and risk scores remain immutable
  ---
  duration_ms: 17.404041
  type: 'test'
  ...
# Subtest: bank scoped scenario preserves every other bank and enterprise
ok 65 - bank scoped scenario preserves every other bank and enterprise
  ---
  duration_ms: 0.703125
  type: 'test'
  ...
# Subtest: extension never resurrects expired or future-start loans
ok 66 - extension never resurrects expired or future-start loans
  ---
  duration_ms: 86.11375
  type: 'test'
  ...
# Subtest: scenario rejects data, ontology, parameters, scope and horizon mismatches
ok 67 - scenario rejects data, ontology, parameters, scope and horizon mismatches
  ---
  duration_ms: 0.72375
  type: 'test'
  ...
# Subtest: query preserves explicit empty and existing scopes; named aliases resolve canonical identities
ok 68 - query preserves explicit empty and existing scopes; named aliases resolve canonical identities
  ---
  duration_ms: 4569.132917
  type: 'test'
  ...
# Subtest: query rejects unknown subjects, unsupported windows and unregistered financial requests
ok 69 - query rejects unknown subjects, unsupported windows and unregistered financial requests
  ---
  duration_ms: 1.729209
  type: 'test'
  ...
# Subtest: metric query does not silently narrow to enterprises with a gap
ok 70 - metric query does not silently narrow to enterprises with a gap
  ---
  duration_ms: 1890.353417
  type: 'test'
  ...
# Subtest: selected enterprise is used only for an explicit singular reference
ok 71 - selected enterprise is used only for an explicit singular reference
  ---
  duration_ms: 759.90025
  type: 'test'
  ...
# Subtest: named bank returns only its actual loan exposure
ok 72 - named bank returns only its actual loan exposure
  ---
  duration_ms: 2.833042
  type: 'test'
  ...
# Subtest: query extracts independent rate, credit, extension and horizon parameters
ok 73 - query extracts independent rate, credit, extension and horizon parameters
  ---
  duration_ms: 0.994166
  type: 'test'
  ...
# Subtest: semantic threshold applies identically to query and filter rows
ok 74 - semantic threshold applies identically to query and filter rows
  ---
  duration_ms: 18.397
  type: 'test'
  ...
# Subtest: task validation, deduplication and complete/reopen audit trail
ok 75 - task validation, deduplication and complete/reopen audit trail
  ---
  duration_ms: 0.661166
  type: 'test'
  ...
# Subtest: task requires the exact source plan identity and retains a deep snapshot
ok 76 - task requires the exact source plan identity and retains a deep snapshot
  ---
  duration_ms: 0.2735
  type: 'test'
  ...
# Subtest: report uses the recorded plan and cannot attach a different active plan
ok 77 - report uses the recorded plan and cannot attach a different active plan
  ---
  duration_ms: 0.506833
  type: 'test'
  ...
# Subtest: reports and CSV escape user controlled strings
ok 78 - reports and CSV escape user controlled strings
  ---
  duration_ms: 256.240958
  type: 'test'
  ...
# Subtest: store persists, restores and undoes filters without changing records
ok 79 - store persists, restores and undoes filters without changing records
  ---
  duration_ms: 0.293042
  type: 'test'
  ...
# Subtest: storage failure leaves a usable session and emits a persistence warning
ok 80 - storage failure leaves a usable session and emits a persistence warning
  ---
  duration_ms: 0.076084
  type: 'test'
  ...
# Subtest: facility drilldown uses exactly the same scenario values as enterprise credit totals
ok 81 - facility drilldown uses exactly the same scenario values as enterprise credit totals
  ---
  duration_ms: 0.203834
  type: 'test'
  ...
# Subtest: entity suffix boundaries and ambiguous condition groups never silently select a different scope
ok 82 - entity suffix boundaries and ambiguous condition groups never silently select a different scope
  ---
  duration_ms: 277.768458
  type: 'test'
  ...
# Subtest: task reassignment preserves execution status and original history
ok 83 - task reassignment preserves execution status and original history
  ---
  duration_ms: 99.721291
  type: 'test'
  ...
# Subtest: report evidence must match the exact result scope and horizon
ok 84 - report evidence must match the exact result scope and horizon
  ---
  duration_ms: 0.277083
  type: 'test'
  ...
# Subtest: risk explanation separates historical scoring from synthetic financing
ok 85 - risk explanation separates historical scoring from synthetic financing
  ---
  duration_ms: 389.319458
  type: 'test'
  ...
# Subtest: corrupted storage falls back; invalid historical plans cannot be active
ok 86 - corrupted storage falls back; invalid historical plans cannot be active
  ---
  duration_ms: 0.579083
  type: 'test'
  ...
# Subtest: geographic bounds support antimeridian crossing and include boundaries
ok 87 - geographic bounds support antimeridian crossing and include boundaries
  ---
  duration_ms: 0.159417
  type: 'test'
  ...
# Subtest: Embedded presentation is emitted before business scripts and leaves standalone mode untouched
ok 88 - Embedded presentation is emitted before business scripts and leaves standalone mode untouched
  ---
  duration_ms: 1313.059042
  type: 'test'
  ...
# Subtest: Every Shell module is served with early shared presentation, including the original approval assembly
ok 89 - Every Shell module is served with early shared presentation, including the original approval assembly
  ---
  duration_ms: 30174.919375
  type: 'test'
  ...
# Subtest: cross-module transfer preserves explicit empty scopes and never replaces non-enterprise objects with all enterprises
ok 90 - cross-module transfer preserves explicit empty scopes and never replaces non-enterprise objects with all enterprises
  ---
  duration_ms: 658.949083
  type: 'test'
  ...
# Subtest: every inherited v1.3.2 source file remains unchanged; all 45 inherited files exist
ok 91 - every inherited v1.3.2 source file remains unchanged; all 45 inherited files exist
  ---
  duration_ms: 8153.235042
  type: 'test'
  ...
# Subtest: all original modules, five domains and resource content are inherited without replacements
ok 92 - all original modules, five domains and resource content are inherited without replacements
  ---
  duration_ms: 2157.835333
  type: 'test'
  ...
# Subtest: the default entry is the inherited platform, not the standalone map application
ok 93 - the default entry is the inherited platform, not the standalone map application
  ---
  duration_ms: 401.706375
  type: 'test'
  ...
# Subtest: joint views extend existing module task lists instead of removing originals
ok 94 - joint views extend existing module task lists instead of removing originals
  ---
  duration_ms: 1528.94125
  type: 'test'
  ...
# Subtest: repeated joint-report sync preserves prose edited in the inherited editor
ok 95 - repeated joint-report sync preserves prose edited in the inherited editor
  ---
  duration_ms: 154.263125
  type: 'test'
  ...
# Subtest: R14-015 generic rule values are not comparable, real financing cost and risk definitions remain comparable
ok 96 - R14-015 generic rule values are not comparable, real financing cost and risk definitions remain comparable
  ---
  duration_ms: 761.078084
  type: 'test'
  ...
# Subtest: R14-015 matching labels do not merge unrelated series, and duplicate series do not count twice
ok 97 - R14-015 matching labels do not merge unrelated series, and duplicate series do not count twice
  ---
  duration_ms: 1259.806625
  type: 'test'
  ...
# Subtest: R14-016 outside window retains explicitly dated static snapshots and returns no series observations
ok 98 - R14-016 outside window retains explicitly dated static snapshots and returns no series observations
  ---
  duration_ms: 1.155458
  type: 'test'
  ...
# Subtest: R14-016 Q1 budget comparison uses 25.3% while static annual 105.4% is dated separately
ok 99 - R14-016 Q1 budget comparison uses 25.3% while static annual 105.4% is dated separately
  ---
  duration_ms: 0.902541
  type: 'test'
  ...
# Subtest: R14-017 deterministic layout reserves at least 190 units for labels, circles and handles
ok 100 - R14-017 deterministic layout reserves at least 190 units for labels, circles and handles
  ---
  duration_ms: 1616.781125
  type: 'test'
  ...
# Subtest: native rule bootstrap attaches revisions to the existing ontologies without modifying published versions
ok 101 - native rule bootstrap attaches revisions to the existing ontologies without modifying published versions
  ---
  duration_ms: 12.581292
  type: 'test'
  ...
# Subtest: bootstrap is idempotent and never overwrites edited native rule drafts
ok 102 - bootstrap is idempotent and never overwrites edited native rule drafts
  ---
  duration_ms: 1.146459
  type: 'test'
  ...
# Subtest: legacy threshold drafts migrate into the owning financing draft without losing their evidence
ok 103 - legacy threshold drafts migrate into the owning financing draft without losing their evidence
  ---
  duration_ms: 0.487125
  type: 'test'
  ...
# Subtest: the generated metric catalogue is identical to the workbench source definitions
ok 104 - the generated metric catalogue is identical to the workbench source definitions
  ---
  duration_ms: 2.884041
  type: 'test'
  ...
# Subtest: question and report evidence retain the owning ontology and native rule revision
ok 105 - question and report evidence retain the owning ontology and native rule revision
  ---
  duration_ms: 2482.86225
  type: 'test'
  ...
# Subtest: an explicit new query threshold does not claim the previous native rule identity
ok 106 - an explicit new query threshold does not claim the previous native rule identity
  ---
  duration_ms: 294.607666
  type: 'test'
  ...
# Subtest: R14-002 consumes complete questions: unregistered abbreviations and mixed subjects cannot propagate a result
ok 107 - R14-002 consumes complete questions: unregistered abbreviations and mixed subjects cannot propagate a result
  ---
  duration_ms: 1316.40625
  type: 'test'
  ...
# Subtest: R14-002 preserves all registered names, aliases, ID case and generic portfolio questions
ok 108 - R14-002 preserves all registered names, aliases, ID case and generic portfolio questions
  ---
  duration_ms: 8447.408791
  type: 'test'
  ...
# Subtest: R14-012 repeated, conflicting, incomplete and staged parameters reject consistently
ok 109 - R14-012 repeated, conflicting, incomplete and staged parameters reject consistently
  ---
  duration_ms: 1653.56075
  type: 'test'
  ...
# Subtest: R14-011 source changes update untouched fields and snapshots, independent of target edits
ok 110 - R14-011 source changes update untouched fields and snapshots, independent of target edits
  ---
  duration_ms: 689.312834
  type: 'test'
  ...
# Subtest: R14-011 older blocks migrate field ownership from fingerprints without losing previous manual changes
ok 111 - R14-011 older blocks migrate field ownership from fingerprints without losing previous manual changes
  ---
  duration_ms: 40.929083
  type: 'test'
  ...
# Subtest: R14-011 frozen source remains immutable while a new revision gets its own fields and snapshot
ok 112 - R14-011 frozen source remains immutable while a new revision gets its own fields and snapshot
  ---
  duration_ms: 510.305708
  type: 'test'
  ...
# Subtest: R14-013 rejects disjunction instead of silently converting the 21-member union into an intersection
ok 113 - R14-013 rejects disjunction instead of silently converting the 21-member union into an intersection
  ---
  duration_ms: 1241.290791
  type: 'test'
  ...
# Subtest: R14-013 conjunction, named subjects and supported questions retain correct downstream identities
ok 114 - R14-013 conjunction, named subjects and supported questions retain correct downstream identities
  ---
  duration_ms: 1628.426625
  type: 'test'
  ...
# Subtest: R14-014 report renderer formats currency and rate precision without altering numeric source data
ok 115 - R14-014 report renderer formats currency and rate precision without altering numeric source data
  ---
  duration_ms: 169.197917
  type: 'test'
  ...
# Subtest: R14-014 zero, missing, textual values and series use the same safe rendering boundary
ok 116 - R14-014 zero, missing, textual values and series use the same safe rendering boundary
  ---
  duration_ms: 0.526542
  type: 'test'
  ...
# Subtest: R14-002 rejects every unknown subject without expanding or partially matching the set
ok 117 - R14-002 rejects every unknown subject without expanding or partially matching the set
  ---
  duration_ms: 157.178917
  type: 'test'
  ...
# Subtest: R14-006 decimal parameters affect independent loan and facility calculations; malformed values fail
ok 118 - R14-006 decimal parameters affect independent loan and facility calculations; malformed values fail
  ---
  duration_ms: 1012.061917
  type: 'test'
  ...
# Subtest: R14-001 generic demonstration baselines have no FACT scores and retain explicit provenance
ok 119 - R14-001 generic demonstration baselines have no FACT scores and retain explicit provenance
  ---
  duration_ms: 10191.193958
  type: 'test'
  ...
# Subtest: R14-005 incompatible domains, unknown IDs, time and versions remain explicit errors
ok 120 - R14-005 incompatible domains, unknown IDs, time and versions remain explicit errors
  ---
  duration_ms: 2.679042
  type: 'test'
  ...
# Subtest: R14-010 missing and zero-balance costs never concatenate a unit
ok 121 - R14-010 missing and zero-balance costs never concatenate a unit
  ---
  duration_ms: 1929.387541
  type: 'test'
  ...
# Subtest: all nine asset snapshots exactly match the currently consumed simulation data
ok 122 - all nine asset snapshots exactly match the currently consumed simulation data
  ---
  duration_ms: 1785.276208
  type: 'test'
  ...
# Subtest: missing fields, duplicate primary keys and dangling references reject the snapshot
ok 123 - missing fields, duplicate primary keys and dangling references reject the snapshot
  ---
  duration_ms: 420.45225
  type: 'test'
  ...
# Subtest: Excel is a real complete workbook with the exact registered SHA-256 and byte length
ok 124 - Excel is a real complete workbook with the exact registered SHA-256 and byte length
  ---
  duration_ms: 2.859833
  type: 'test'
  ...
# Subtest: every exported Excel cell retains its value, date/percentage type, frozen headers and full record coverage
ok 125 - every exported Excel cell retains its value, date/percentage type, frozen headers and full record coverage
  ---
  duration_ms: 65808.266625
  type: 'test'
  ...
1..125
# tests 125
# suites 0
# pass 125
# fail 0
# cancelled 0
# skipped 0
# todo 0
# duration_ms 123351.649042
