PASS baseline and candidate identity
PASS M01-M08 and Dashboard registration
PASS shell route data matches module registry
PASS canonical M07 and M08 implementation contracts
PASS S001-S005 scenario identities
PASS shell scenario definitions match the registry
PASS unified resource catalog covers 9 modules x 5 scenarios
PASS current scenario reset is isolated
PASS S005 current-run evaluation chain and six-domain Dashboard contracts
PASS M07-M08-M07 bridge rejects identity drift
PASS unique entry and local presentation references resolve
PASS candidate contains no symlink or runtime snapshot
PASS single platform shell contract
PASS v1.1 brand and home baseline structure is preserved
PASS candidate Dashboard preserves baseline and integrates S005
PASS visible internal copy is scrubbed
PASS frozen v1.1.0 tree is unchanged
PASS artifact inventory matches candidate files
PASS regression matrix is complete without unexecuted success claims
PASS candidate handoff adapter pending governance executes the actual M07 payload builder through M08

20 checks passed; 0 failed.
