PASS 01-explore-business-types
PASS 02-enterprise-exploration-map
PASS 03-banks-and-geodesic-links
PASS 04-cost-specific-order-and-cards
PASS 05-enterprise-network
PASS 05-enterprise-matrix
PASS 05-enterprise-list
PASS 06-object-portrait-still-connected
PASS 07-object-panorama-entry
PASS 08-model-goals-catalogue
PASS 09-algorithm-failure-feedback
PASS 10-infinite-code-stopped
PASS 11-cost-validation-result
PASS 12-cost-published-version
PASS 13-cost-version-used
PASS 14-version-switch-and-disable
PASS 11-structure-validation-result
PASS 12-structure-published-version
PASS 13-structure-version-used
PASS 11-risk-validation-result
PASS 12-risk-published-version
PASS 13-risk-version-used
PASS 15-monitor-result-consumed-by-enterprise
PASS 16-published-monitor-event-lineage
PASS 17-event-returns-to-model-run
PASS 18-algorithm-1280
PASS 19-versions-1280
PASS 20-use-1280
PASS 18-algorithm-390
PASS 19-versions-390
PASS 20-use-390
PASS 18-algorithm-320
PASS 19-versions-320
PASS 20-use-320
PASS 21-type-directory-390
PASS 21-type-directory-320
PASS 22-mobile-enterprise-details
