
> ontology-financial-workbench-v14@1.4.0 build
> vite build

vite v7.3.6 building client environment for production...
transforming...
✓ 2154 modules transformed.
rendering chunks...
computing gzip size...
dist/workbench.html                                 0.62 kB │ gzip:   0.42 kB
dist/index.html                                     0.68 kB │ gzip:   0.46 kB
dist/assets/workbench-Z20Aj9Lq.css                113.05 kB │ gzip:  19.58 kB
dist/assets/model-studio-bridge-Y93gC9j1.js         0.41 kB │ gzip:   0.31 kB
dist/assets/index-Ck9cb-_F.js                       0.46 kB │ gzip:   0.29 kB
dist/assets/modulepreload-polyfill-B5Qt9EMX.js      0.71 kB │ gzip:   0.40 kB
dist/assets/ontology-consumption-CAPKY0ub.js        2.77 kB │ gzip:   1.38 kB
dist/assets/object-experience-Bjgfxtsr.js          10.42 kB │ gzip:   4.90 kB
dist/assets/business-catalog-DpIT5bSc.js           11.23 kB │ gzip:   4.10 kB
dist/assets/workbench-BOPh1xd3.js               1,251.11 kB │ gzip: 358.41 kB
dist/assets/business-release-CM-vIdUl.js        1,418.46 kB │ gzip: 105.14 kB

(!) Some chunks are larger than 500 kB after minification. Consider:
- Using dynamic import() to code-split the application
- Use build.rollupOptions.output.manualChunks to improve chunking: https://rollupjs.org/configuration-options/#output-manualchunks
- Adjust chunk size limit for this warning via build.chunkSizeWarningLimit.
✓ built in 1.94s
