
DevTools listening on ws://127.0.0.1:4536/devtools/browser/4d8905bb-eaad-460b-b402-acf6aad76720
Trying to load the allocator multiple times. This is *not* supported.
[11747:12713741:0911/011347.833188:ERROR:ui/display/mac/cv_display_link_mac.mm:195] CVDisplayLinkCreateWithCGDisplay failed. CVReturn: -6670
[11747:12713837:0911/011347.836168:ERROR:ui/display/mac/cv_display_link_mac.mm:195] CVDisplayLinkCreateWithCGDisplay failed. CVReturn: -6670
[11747:12713741:0911/011347.836369:ERROR:ui/display/mac/cv_display_link_mac.mm:195] CVDisplayLinkCreateWithCGDisplay failed. CVReturn: -6670
[11747:12713837:0911/011347.836404:ERROR:ui/display/mac/cv_display_link_mac.mm:195] CVDisplayLinkCreateWithCGDisplay failed. CVReturn: -6670
[11747:12713741:0911/011347.836478:ERROR:ui/display/mac/cv_display_link_mac.mm:195] CVDisplayLinkCreateWithCGDisplay failed. CVReturn: -6670
[11747:12713837:0911/011347.836502:ERROR:ui/display/mac/cv_display_link_mac.mm:195] CVDisplayLinkCreateWithCGDisplay failed. CVReturn: -6670
[11747:12713741:0911/011347.836587:ERROR:ui/display/mac/cv_display_link_mac.mm:195] CVDisplayLinkCreateWithCGDisplay failed. CVReturn: -6670
[11747:12713837:0911/011347.836611:ERROR:ui/display/mac/cv_display_link_mac.mm:195] CVDisplayLinkCreateWithCGDisplay failed. CVReturn: -6670
[11747:12713741:0911/011347.836675:ERROR:ui/display/mac/cv_display_link_mac.mm:195] CVDisplayLinkCreateWithCGDisplay failed. CVReturn: -6670
[11747:12713837:0911/011347.836703:ERROR:ui/display/mac/cv_display_link_mac.mm:195] CVDisplayLinkCreateWithCGDisplay failed. CVReturn: -6670
[11747:12713741:0911/011347.840089:ERROR:ui/display/mac/cv_display_link_mac.mm:195] CVDisplayLinkCreateWithCGDisplay failed. CVReturn: -6670
[11747:12713837:0911/011347.840122:ERROR:ui/display/mac/cv_display_link_mac.mm:195] CVDisplayLinkCreateWithCGDisplay failed. CVReturn: -6670
[11747:12713741:0911/011349.528841:ERROR:ui/display/mac/cv_display_link_mac.mm:195] CVDisplayLinkCreateWithCGDisplay failed. CVReturn: -6670
[11747:12713837:0911/011349.528919:ERROR:ui/display/mac/cv_display_link_mac.mm:195] CVDisplayLinkCreateWithCGDisplay failed. CVReturn: -6670
[11747:12713741:0911/011350.224285:ERROR:ui/display/mac/cv_display_link_mac.mm:195] CVDisplayLinkCreateWithCGDisplay failed. CVReturn: -6670
[11747:12713837:0911/011350.224368:ERROR:ui/display/mac/cv_display_link_mac.mm:195] CVDisplayLinkCreateWithCGDisplay failed. CVReturn: -6670
[11747:12713741:0911/011350.249395:ERROR:ui/display/mac/cv_display_link_mac.mm:195] CVDisplayLinkCreateWithCGDisplay failed. CVReturn: -6670
[11747:12713837:0911/011350.249777:ERROR:ui/display/mac/cv_display_link_mac.mm:195] CVDisplayLinkCreateWithCGDisplay failed. CVReturn: -6670
[11747:12713741:0911/011350.280050:ERROR:ui/display/mac/cv_display_link_mac.mm:195] CVDisplayLinkCreateWithCGDisplay failed. CVReturn: -6670
[11747:12713837:0911/011350.280110:ERROR:ui/display/mac/cv_display_link_mac.mm:195] CVDisplayLinkCreateWithCGDisplay failed. CVReturn: -6670
[11747:12713741:0911/011350.315594:ERROR:ui/display/mac/cv_display_link_mac.mm:195] CVDisplayLinkCreateWithCGDisplay failed. CVReturn: -6670
[11747:12713837:0911/011350.315652:ERROR:ui/display/mac/cv_display_link_mac.mm:195] CVDisplayLinkCreateWithCGDisplay failed. CVReturn: -6670
[11747:12713741:0911/011350.383211:ERROR:ui/display/mac/cv_display_link_mac.mm:195] CVDisplayLinkCreateWithCGDisplay failed. CVReturn: -6670
[11747:12713837:0911/011350.383268:ERROR:ui/display/mac/cv_display_link_mac.mm:195] CVDisplayLinkCreateWithCGDisplay failed. CVReturn: -6670
[11747:12713741:0911/011350.429817:ERROR:ui/display/mac/cv_display_link_mac.mm:195] CVDisplayLinkCreateWithCGDisplay failed. CVReturn: -6670
[11747:12713837:0911/011350.429878:ERROR:ui/display/mac/cv_display_link_mac.mm:195] CVDisplayLinkCreateWithCGDisplay failed. CVReturn: -6670
[11747:12713741:0911/011350.458900:ERROR:ui/display/mac/cv_display_link_mac.mm:195] CVDisplayLinkCreateWithCGDisplay failed. CVReturn: -6670
[11747:12713837:0911/011350.459230:ERROR:ui/display/mac/cv_display_link_mac.mm:195] CVDisplayLinkCreateWithCGDisplay failed. CVReturn: -6670
[11741:12713725:0911/011350.717885:ERROR:google_apis/gcm/engine/registration_request.cc:291] Registration response error message: DEPRECATED_ENDPOINT
[11741:12713725:0911/011350.787576:ERROR:google_apis/gcm/engine/registration_request.cc:291] Registration response error message: PHONE_REGISTRATION_ERROR
Created TensorFlow Lite XNNPACK delegate for CPU.
[11748:12713778:0911/011401.746744:ERROR:net/socket/ssl_client_socket_impl.cc:962] handshake failed; returned -1, SSL error code 1, net_error -100
[11790:12714378:0911/011406.747314:VERBOSE1:chrome/updater/updater.cc:374] Version: 152.0.7933.0, opt, ARM_64, command line: /Users/domi/Library/Application Support/Google/GoogleUpdater/152.0.7933.0/GoogleUpdater.app/Contents/MacOS/GoogleUpdater --wake-all --enable-logging --vmodule=*/components/update_client/*=2,*/chrome/enterprise_companion/*=2,*/chrome/updater/*=2
[11790:12714378:0911/011406.747868:VERBOSE1:chrome/updater/updater.cc:377] OS version: 26.6.2, arch: arm64, System uptime (seconds): 1097794, parent pid: 11741
[11790:12714378:0911/011406.749348:VERBOSE1:chrome/updater/updater.cc:382] Available disk space in install directory (/Users/domi/Library/Application Support/Google/GoogleUpdater): 88483045376B (82.406GiB) / 245107195904B (228.274GiB)
[11790:12714378:0911/011406.749359:VERBOSE1:chrome/updater/updater.cc:386] Available disk space in temporary directory (/var/folders/64/j8g5rs451cz6_0p3554tl8380000gn/T/): 88483045376B (82.406GiB) / 245107195904B (228.274GiB)
[11790:12714378:0911/011406.749419:VERBOSE2:chrome/updater/event_history.cc:265] Emitted a UPDATER_PROCESS START event to the history log
[11792:12714382:0911/011406.756421:VERBOSE1:chrome/updater/updater.cc:374] Version: 152.0.7933.0, opt, ARM_64, command line: /Users/domi/Library/Application Support/Google/GoogleUpdater/152.0.7933.0/GoogleUpdater.app/Contents/MacOS/GoogleUpdater --crash-handler --database=/Users/domi/Library/Application Support/Google/GoogleUpdater/152.0.7933.0/Crashpad --url=https://clients2.google.com/cr/report --annotation=prod=Update4 --annotation=ver=152.0.7933.0 --handshake-fd=6 --enable-logging --vmodule=*/components/update_client/*=2,*/chrome/enterprise_companion/*=2,*/chrome/updater/*=2
[11792:12714382:0911/011406.756759:VERBOSE1:chrome/updater/updater.cc:377] OS version: 26.6.2, arch: arm64, System uptime (seconds): 1097794, parent pid: 1
[11792:12714382:0911/011406.757966:VERBOSE1:chrome/updater/updater.cc:382] Available disk space in install directory (/Users/domi/Library/Application Support/Google/GoogleUpdater): 88483045376B (82.406GiB) / 245107195904B (228.274GiB)
[11792:12714382:0911/011406.757977:VERBOSE1:chrome/updater/updater.cc:386] Available disk space in temporary directory (/var/folders/64/j8g5rs451cz6_0p3554tl8380000gn/T/): 88483045376B (82.406GiB) / 245107195904B (228.274GiB)
[11792:12714382:0911/011406.758039:VERBOSE2:chrome/updater/event_history.cc:265] Emitted a UPDATER_PROCESS START event to the history log
[11790:12714378:0911/011406.758374:VERBOSE1:chrome/updater/crash_reporter.cc:124] Crash handler launched and ready.
[11790:12714378:0911/011406.758827:VERBOSE1:chrome/updater/crash_client.cc:108] Found 0 completed crash reports
[11790:12714378:0911/011406.758876:VERBOSE1:chrome/updater/crash_client.cc:132] Found 0 pending crash reports
[11790:12714378:0911/011406.758928:ERROR:third_party/crashpad/crashpad/util/file/file_io_posix.cc:145] open /Users/domi/Library/Application Support/Google/RLZ/Crashpad/settings.dat: No such file or directory (2)
[11790:12714378:0911/011406.758938:ERROR:third_party/crashpad/crashpad/util/file/file_io_posix.cc:145] open /Users/domi/Library/Application Support/Google/Chrome for Testing/Crashpad/settings.dat: No such file or directory (2)
[11790:12714378:0911/011406.758965:ERROR:third_party/crashpad/crashpad/util/file/file_io_posix.cc:145] open /Users/domi/Library/Application Support/Google/ChromeForTesting/Crashpad/settings.dat: No such file or directory (2)
[11790:12714378:0911/011406.758972:ERROR:third_party/crashpad/crashpad/util/file/file_io_posix.cc:145] open /Users/domi/Library/Application Support/Google/Chrome-headless/Crashpad/settings.dat: No such file or directory (2)
[11790:12714378:0911/011406.758998:VERBOSE1:chrome/updater/updater.cc:105] Crash reporting initialized.
[11790:12714390:0911/011406.759209:VERBOSE1:chrome/updater/app/app_wakeall.cc:58] Launching `/Users/domi/Library/Application Support/Google/GoogleUpdater/152.0.7933.0/GoogleUpdater.app/Contents/MacOS/GoogleUpdater --wake`
[11793:12714394:0911/011406.766495:VERBOSE1:chrome/updater/updater.cc:374] Version: 152.0.7933.0, opt, ARM_64, command line: /Users/domi/Library/Application Support/Google/GoogleUpdater/152.0.7933.0/GoogleUpdater.app/Contents/MacOS/GoogleUpdater --wake --enable-logging --vmodule=*/components/update_client/*=2,*/chrome/enterprise_companion/*=2,*/chrome/updater/*=2
[11793:12714394:0911/011406.766876:VERBOSE1:chrome/updater/updater.cc:377] OS version: 26.6.2, arch: arm64, System uptime (seconds): 1097794, parent pid: 11790
[11793:12714394:0911/011406.768255:VERBOSE1:chrome/updater/updater.cc:382] Available disk space in install directory (/Users/domi/Library/Application Support/Google/GoogleUpdater): 88483041280B (82.406GiB) / 245107195904B (228.274GiB)
[11793:12714394:0911/011406.768266:VERBOSE1:chrome/updater/updater.cc:386] Available disk space in temporary directory (/var/folders/64/j8g5rs451cz6_0p3554tl8380000gn/T/): 88483041280B (82.406GiB) / 245107195904B (228.274GiB)
[11793:12714394:0911/011406.768317:VERBOSE2:chrome/updater/event_history.cc:265] Emitted a UPDATER_PROCESS START event to the history log
[11795:12714398:0911/011406.775193:VERBOSE1:chrome/updater/updater.cc:374] Version: 152.0.7933.0, opt, ARM_64, command line: /Users/domi/Library/Application Support/Google/GoogleUpdater/152.0.7933.0/GoogleUpdater.app/Contents/MacOS/GoogleUpdater --crash-handler --database=/Users/domi/Library/Application Support/Google/GoogleUpdater/152.0.7933.0/Crashpad --url=https://clients2.google.com/cr/report --annotation=prod=Update4 --annotation=ver=152.0.7933.0 --handshake-fd=6 --enable-logging --vmodule=*/components/update_client/*=2,*/chrome/enterprise_companion/*=2,*/chrome/updater/*=2
[11795:12714398:0911/011406.775513:VERBOSE1:chrome/updater/updater.cc:377] OS version: 26.6.2, arch: arm64, System uptime (seconds): 1097794, parent pid: 1
[11795:12714398:0911/011406.776696:VERBOSE1:chrome/updater/updater.cc:382] Available disk space in install directory (/Users/domi/Library/Application Support/Google/GoogleUpdater): 88483041280B (82.406GiB) / 245107195904B (228.274GiB)
[11795:12714398:0911/011406.776705:VERBOSE1:chrome/updater/updater.cc:386] Available disk space in temporary directory (/var/folders/64/j8g5rs451cz6_0p3554tl8380000gn/T/): 88483041280B (82.406GiB) / 245107195904B (228.274GiB)
[11795:12714398:0911/011406.776760:VERBOSE2:chrome/updater/event_history.cc:265] Emitted a UPDATER_PROCESS START event to the history log
[11793:12714394:0911/011406.777244:VERBOSE1:chrome/updater/crash_reporter.cc:124] Crash handler launched and ready.
[11793:12714394:0911/011406.777894:VERBOSE1:chrome/updater/crash_client.cc:108] Found 0 completed crash reports
[11793:12714394:0911/011406.777982:VERBOSE1:chrome/updater/crash_client.cc:132] Found 0 pending crash reports
[11793:12714394:0911/011406.778037:ERROR:third_party/crashpad/crashpad/util/file/file_io_posix.cc:145] open /Users/domi/Library/Application Support/Google/RLZ/Crashpad/settings.dat: No such file or directory (2)
[11793:12714394:0911/011406.778047:ERROR:third_party/crashpad/crashpad/util/file/file_io_posix.cc:145] open /Users/domi/Library/Application Support/Google/Chrome for Testing/Crashpad/settings.dat: No such file or directory (2)
[11793:12714394:0911/011406.778077:ERROR:third_party/crashpad/crashpad/util/file/file_io_posix.cc:145] open /Users/domi/Library/Application Support/Google/ChromeForTesting/Crashpad/settings.dat: No such file or directory (2)
[11793:12714394:0911/011406.778085:ERROR:third_party/crashpad/crashpad/util/file/file_io_posix.cc:145] open /Users/domi/Library/Application Support/Google/Chrome-headless/Crashpad/settings.dat: No such file or directory (2)
[11793:12714394:0911/011406.778116:VERBOSE1:chrome/updater/updater.cc:105] Crash reporting initialized.
[11793:12714394:0911/011406.778249:VERBOSE1:chrome/updater/ipc/update_service_internal_proxy_mojo.cc:61] Run
[11748:12713778:0911/011411.907137:ERROR:net/socket/ssl_client_socket_impl.cc:962] handshake failed; returned -1, SSL error code 1, net_error -100
[11741:12713725:0911/011411.907475:ERROR:google_apis/gcm/engine/connection_factory_impl.cc:435] Failed to connect to MCS endpoint with error -100
[11741:12713725:0911/011415.230960:ERROR:google_apis/gcm/engine/registration_request.cc:291] Registration response error message: DEPRECATED_ENDPOINT
[11793:12714394:0911/011423.579756:VERBOSE1:chrome/updater/app/app.cc:52] Shutdown: 0
[11793:12714394:0911/011423.580268:VERBOSE2:chrome/updater/event_history.cc:265] Emitted a UPDATER_PROCESS END event to the history log
[11793:12714394:0911/011423.580319:VERBOSE1:chrome/updater/updater.cc:419] UpdaterMain (--wake) returned 0.
[11790:12714390:0911/011423.672421:VERBOSE1:chrome/updater/app/app_wakeall.cc:68] `/Users/domi/Library/Application Support/Google/GoogleUpdater/152.0.7933.0/GoogleUpdater.app/Contents/MacOS/GoogleUpdater --wake` exited 0
[11790:12714378:0911/011423.672678:VERBOSE1:chrome/updater/app/app.cc:52] Shutdown: 0
[11790:12714378:0911/011423.673191:VERBOSE2:chrome/updater/event_history.cc:265] Emitted a UPDATER_PROCESS END event to the history log
[11790:12714378:0911/011423.673233:VERBOSE1:chrome/updater/updater.cc:419] UpdaterMain (--wake-all) returned 0.
[11795:12714398:0911/011433.595526:VERBOSE2:chrome/updater/event_history.cc:265] Emitted a UPDATER_PROCESS END event to the history log
[11795:12714398:0911/011433.595608:VERBOSE1:chrome/updater/updater.cc:419] UpdaterMain (--crash-handler) returned 0.
[11792:12714382:0911/011433.598058:VERBOSE2:chrome/updater/event_history.cc:265] Emitted a UPDATER_PROCESS END event to the history log
[11792:12714382:0911/011433.598188:VERBOSE1:chrome/updater/updater.cc:419] UpdaterMain (--crash-handler) returned 0.
[11741:12713725:0911/011504.230280:ERROR:google_apis/gcm/engine/registration_request.cc:291] Registration response error message: DEPRECATED_ENDPOINT
[11741:12713725:0911/011530.126878:ERROR:google_apis/gcm/engine/connection_factory_impl.cc:484] ConnectionHandler failed with net error: -2
[11748:12713778:0911/011540.317285:ERROR:net/socket/ssl_client_socket_impl.cc:962] handshake failed; returned -1, SSL error code 1, net_error -100
[11748:12713778:0911/011550.466502:ERROR:net/socket/ssl_client_socket_impl.cc:962] handshake failed; returned -1, SSL error code 1, net_error -100
[11741:12713725:0911/011550.467788:ERROR:google_apis/gcm/engine/connection_factory_impl.cc:435] Failed to connect to MCS endpoint with error -100
[11741:12713725:0911/011636.792099:ERROR:google_apis/gcm/engine/registration_request.cc:291] Registration response error message: DEPRECATED_ENDPOINT
Trying to load the allocator multiple times. This is *not* supported.
WARNING: All log messages before absl::InitializeLog() is called are written to STDERR
I0000 00:00:1789060607.736892 12716128 environment.cc:523] Selected adapter: Apple M4, arch=metal-3, vendor=apple, backend=Metal, adapterType=Integrated GPU
I0000 00:00:1789060607.738992 12716136 environment.cc:523] Selected adapter: Apple M4, arch=metal-3, vendor=apple, backend=Metal, adapterType=Integrated GPU
[11741:12713725:0911/011703.001510:ERROR:google_apis/gcm/engine/connection_factory_impl.cc:484] ConnectionHandler failed with net error: -2
[11748:12713778:0911/011713.210472:ERROR:net/socket/ssl_client_socket_impl.cc:962] handshake failed; returned -1, SSL error code 1, net_error -100
[11748:12713778:0911/011723.379328:ERROR:net/socket/ssl_client_socket_impl.cc:962] handshake failed; returned -1, SSL error code 1, net_error -100
[11741:12713725:0911/011723.379938:ERROR:google_apis/gcm/engine/connection_factory_impl.cc:435] Failed to connect to MCS endpoint with error -100
[11741:12713680:0911/011813.894472:ERROR:chrome/browser/ui/views/user_education/impl/browser_user_education_interface_impl.cc:186] Attempting to show IPH IPH_ExtensionsZeroStatePromo before browser initialization complete; IPH will not be shown.
[11747:12713741:0911/011813.902973:ERROR:ui/display/mac/cv_display_link_mac.mm:195] CVDisplayLinkCreateWithCGDisplay failed. CVReturn: -6670
[11747:12713837:0911/011813.903035:ERROR:ui/display/mac/cv_display_link_mac.mm:195] CVDisplayLinkCreateWithCGDisplay failed. CVReturn: -6670
[11747:12713741:0911/011813.903151:ERROR:ui/display/mac/cv_display_link_mac.mm:195] CVDisplayLinkCreateWithCGDisplay failed. CVReturn: -6670
[11747:12713837:0911/011813.903189:ERROR:ui/display/mac/cv_display_link_mac.mm:195] CVDisplayLinkCreateWithCGDisplay failed. CVReturn: -6670
[11747:12713741:0911/011813.903299:ERROR:ui/display/mac/cv_display_link_mac.mm:195] CVDisplayLinkCreateWithCGDisplay failed. CVReturn: -6670
[11747:12713837:0911/011813.903339:ERROR:ui/display/mac/cv_display_link_mac.mm:195] CVDisplayLinkCreateWithCGDisplay failed. CVReturn: -6670
[11747:12713741:0911/011813.903416:ERROR:ui/display/mac/cv_display_link_mac.mm:195] CVDisplayLinkCreateWithCGDisplay failed. CVReturn: -6670
[11747:12713837:0911/011813.903448:ERROR:ui/display/mac/cv_display_link_mac.mm:195] CVDisplayLinkCreateWithCGDisplay failed. CVReturn: -6670
[11747:12713741:0911/011813.903531:ERROR:ui/display/mac/cv_display_link_mac.mm:195] CVDisplayLinkCreateWithCGDisplay failed. CVReturn: -6670
[11747:12713837:0911/011813.903563:ERROR:ui/display/mac/cv_display_link_mac.mm:195] CVDisplayLinkCreateWithCGDisplay failed. CVReturn: -6670
[11747:12713741:0911/011814.879611:ERROR:ui/display/mac/cv_display_link_mac.mm:195] CVDisplayLinkCreateWithCGDisplay failed. CVReturn: -6670
[11747:12713837:0911/011814.880023:ERROR:ui/display/mac/cv_display_link_mac.mm:195] CVDisplayLinkCreateWithCGDisplay failed. CVReturn: -6670
[11747:12713741:0911/011815.454891:ERROR:gpu/command_buffer/service/gl_utils.cc:427] [.WebGL-0x114000e2000]GL Driver Message (OpenGL, Performance, GL_CLOSE_PATH_NV, High): GPU stall due to ReadPixels
[11747:12713741:0911/011815.523664:ERROR:gpu/command_buffer/service/gl_utils.cc:427] [.WebGL-0x114000e2000]GL Driver Message (OpenGL, Performance, GL_CLOSE_PATH_NV, High): GPU stall due to ReadPixels
[11747:12713741:0911/011815.523925:ERROR:gpu/command_buffer/service/gl_utils.cc:427] [.WebGL-0x114000e2000]GL Driver Message (OpenGL, Performance, GL_CLOSE_PATH_NV, High): GPU stall due to ReadPixels
[11747:12713741:0911/011815.643282:ERROR:gpu/command_buffer/service/gl_utils.cc:427] [.WebGL-0x114000e2000]GL Driver Message (OpenGL, Performance, GL_CLOSE_PATH_NV, High): GPU stall due to ReadPixels (this message will no longer repeat)
[11741:12713725:0911/011843.095603:ERROR:google_apis/gcm/engine/connection_factory_impl.cc:484] ConnectionHandler failed with net error: -2
[11748:12713778:0911/011853.313750:ERROR:net/socket/ssl_client_socket_impl.cc:962] handshake failed; returned -1, SSL error code 1, net_error -100
[11748:12713778:0911/011904.514688:ERROR:net/socket/ssl_client_socket_impl.cc:962] handshake failed; returned -1, SSL error code 1, net_error -100
[11741:12713725:0911/011904.514964:ERROR:google_apis/gcm/engine/connection_factory_impl.cc:435] Failed to connect to MCS endpoint with error -100
[11741:12713725:0911/012019.653983:ERROR:google_apis/gcm/engine/registration_request.cc:291] Registration response error message: DEPRECATED_ENDPOINT
[11741:12713725:0911/012024.628845:ERROR:google_apis/gcm/engine/connection_factory_impl.cc:484] ConnectionHandler failed with net error: -2
[11748:12713778:0911/012034.797285:ERROR:net/socket/ssl_client_socket_impl.cc:962] handshake failed; returned -1, SSL error code 1, net_error -100
[11748:12713778:0911/012045.040899:ERROR:net/socket/ssl_client_socket_impl.cc:962] handshake failed; returned -1, SSL error code 1, net_error -100
[11741:12713725:0911/012045.041258:ERROR:google_apis/gcm/engine/connection_factory_impl.cc:435] Failed to connect to MCS endpoint with error -100
[11741:12713725:0911/012156.098251:ERROR:google_apis/gcm/engine/connection_factory_impl.cc:484] ConnectionHandler failed with net error: -2
[11748:12713778:0911/012206.272696:ERROR:net/socket/ssl_client_socket_impl.cc:962] handshake failed; returned -1, SSL error code 1, net_error -100
[11748:12713778:0911/012216.419265:ERROR:net/socket/ssl_client_socket_impl.cc:962] handshake failed; returned -1, SSL error code 1, net_error -100
[11741:12713725:0911/012216.419641:ERROR:google_apis/gcm/engine/connection_factory_impl.cc:435] Failed to connect to MCS endpoint with error -100
[11741:12713725:0911/012327.896514:ERROR:google_apis/gcm/engine/connection_factory_impl.cc:484] ConnectionHandler failed with net error: -2
[11748:12713778:0911/012338.104128:ERROR:net/socket/ssl_client_socket_impl.cc:962] handshake failed; returned -1, SSL error code 1, net_error -100
[11748:12713778:0911/012348.267908:ERROR:net/socket/ssl_client_socket_impl.cc:962] handshake failed; returned -1, SSL error code 1, net_error -100
[11741:12713725:0911/012348.268264:ERROR:google_apis/gcm/engine/connection_factory_impl.cc:435] Failed to connect to MCS endpoint with error -100
[11741:12713725:0911/012507.345260:ERROR:google_apis/gcm/engine/connection_factory_impl.cc:484] ConnectionHandler failed with net error: -2
[11748:12713778:0911/012517.498311:ERROR:net/socket/ssl_client_socket_impl.cc:962] handshake failed; returned -1, SSL error code 1, net_error -100
[11748:12713778:0911/012527.649991:ERROR:net/socket/ssl_client_socket_impl.cc:962] handshake failed; returned -1, SSL error code 1, net_error -100
[11741:12713725:0911/012527.650327:ERROR:google_apis/gcm/engine/connection_factory_impl.cc:435] Failed to connect to MCS endpoint with error -100
[11741:12713725:0911/012639.210363:ERROR:google_apis/gcm/engine/registration_request.cc:291] Registration response error message: DEPRECATED_ENDPOINT
[11741:12713725:0911/012642.332779:ERROR:google_apis/gcm/engine/connection_factory_impl.cc:484] ConnectionHandler failed with net error: -2
[11748:12713778:0911/012653.544979:ERROR:net/socket/ssl_client_socket_impl.cc:962] handshake failed; returned -1, SSL error code 1, net_error -100
[11741:12713680:0911/012654.457369:ERROR:chrome/browser/ui/views/user_education/impl/browser_user_education_interface_impl.cc:186] Attempting to show IPH IPH_ExtensionsZeroStatePromo before browser initialization complete; IPH will not be shown.
[11747:12713741:0911/012654.468323:ERROR:ui/display/mac/cv_display_link_mac.mm:195] CVDisplayLinkCreateWithCGDisplay failed. CVReturn: -6670
[11747:12713837:0911/012654.468429:ERROR:ui/display/mac/cv_display_link_mac.mm:195] CVDisplayLinkCreateWithCGDisplay failed. CVReturn: -6670
[11747:12713741:0911/012654.468571:ERROR:ui/display/mac/cv_display_link_mac.mm:195] CVDisplayLinkCreateWithCGDisplay failed. CVReturn: -6670
[11747:12713837:0911/012654.468635:ERROR:ui/display/mac/cv_display_link_mac.mm:195] CVDisplayLinkCreateWithCGDisplay failed. CVReturn: -6670
[11747:12713741:0911/012654.468731:ERROR:ui/display/mac/cv_display_link_mac.mm:195] CVDisplayLinkCreateWithCGDisplay failed. CVReturn: -6670
[11747:12713837:0911/012654.468768:ERROR:ui/display/mac/cv_display_link_mac.mm:195] CVDisplayLinkCreateWithCGDisplay failed. CVReturn: -6670
[11747:12713741:0911/012654.468857:ERROR:ui/display/mac/cv_display_link_mac.mm:195] CVDisplayLinkCreateWithCGDisplay failed. CVReturn: -6670
[11747:12713837:0911/012654.468891:ERROR:ui/display/mac/cv_display_link_mac.mm:195] CVDisplayLinkCreateWithCGDisplay failed. CVReturn: -6670
[11747:12713741:0911/012654.468969:ERROR:ui/display/mac/cv_display_link_mac.mm:195] CVDisplayLinkCreateWithCGDisplay failed. CVReturn: -6670
[11747:12713837:0911/012654.469009:ERROR:ui/display/mac/cv_display_link_mac.mm:195] CVDisplayLinkCreateWithCGDisplay failed. CVReturn: -6670
[11747:12713741:0911/012654.728800:ERROR:ui/display/mac/cv_display_link_mac.mm:195] CVDisplayLinkCreateWithCGDisplay failed. CVReturn: -6670
[11747:12713837:0911/012654.728905:ERROR:ui/display/mac/cv_display_link_mac.mm:195] CVDisplayLinkCreateWithCGDisplay failed. CVReturn: -6670
[11748:12713778:0911/012703.726978:ERROR:net/socket/ssl_client_socket_impl.cc:962] handshake failed; returned -1, SSL error code 1, net_error -100
[11741:12713725:0911/012703.727354:ERROR:google_apis/gcm/engine/connection_factory_impl.cc:435] Failed to connect to MCS endpoint with error -100
[11741:12713725:0911/012817.721957:ERROR:google_apis/gcm/engine/connection_factory_impl.cc:484] ConnectionHandler failed with net error: -2
[11748:12713778:0911/012827.915823:ERROR:net/socket/ssl_client_socket_impl.cc:962] handshake failed; returned -1, SSL error code 1, net_error -100
[11748:12713778:0911/012838.073995:ERROR:net/socket/ssl_client_socket_impl.cc:962] handshake failed; returned -1, SSL error code 1, net_error -100
[11741:12713725:0911/012838.074381:ERROR:google_apis/gcm/engine/connection_factory_impl.cc:435] Failed to connect to MCS endpoint with error -100
[11741:12713725:0911/012952.839487:ERROR:google_apis/gcm/engine/connection_factory_impl.cc:484] ConnectionHandler failed with net error: -2
[11748:12713778:0911/013003.002382:ERROR:net/socket/ssl_client_socket_impl.cc:962] handshake failed; returned -1, SSL error code 1, net_error -100
[11748:12713778:0911/013013.155860:ERROR:net/socket/ssl_client_socket_impl.cc:962] handshake failed; returned -1, SSL error code 1, net_error -100
[11741:12713725:0911/013013.156273:ERROR:google_apis/gcm/engine/connection_factory_impl.cc:435] Failed to connect to MCS endpoint with error -100
[11741:12713725:0911/013125.921633:ERROR:google_apis/gcm/engine/connection_factory_impl.cc:484] ConnectionHandler failed with net error: -2
[11748:12713778:0911/013136.111367:ERROR:net/socket/ssl_client_socket_impl.cc:962] handshake failed; returned -1, SSL error code 1, net_error -100
[11748:12713778:0911/013146.276726:ERROR:net/socket/ssl_client_socket_impl.cc:962] handshake failed; returned -1, SSL error code 1, net_error -100
[11741:12713725:0911/013146.277103:ERROR:google_apis/gcm/engine/connection_factory_impl.cc:435] Failed to connect to MCS endpoint with error -100
[11741:12713725:0911/013303.984559:ERROR:google_apis/gcm/engine/connection_factory_impl.cc:484] ConnectionHandler failed with net error: -2
[11748:12713778:0911/013314.156329:ERROR:net/socket/ssl_client_socket_impl.cc:962] handshake failed; returned -1, SSL error code 1, net_error -100
[11748:12713778:0911/013324.331351:ERROR:net/socket/ssl_client_socket_impl.cc:962] handshake failed; returned -1, SSL error code 1, net_error -100
[11741:12713725:0911/013324.331756:ERROR:google_apis/gcm/engine/connection_factory_impl.cc:435] Failed to connect to MCS endpoint with error -100
[11741:12713680:0911/013333.629675:ERROR:chrome/browser/ui/views/user_education/impl/browser_user_education_interface_impl.cc:186] Attempting to show IPH IPH_ExtensionsZeroStatePromo before browser initialization complete; IPH will not be shown.
[11747:12713741:0911/013333.640897:ERROR:ui/display/mac/cv_display_link_mac.mm:195] CVDisplayLinkCreateWithCGDisplay failed. CVReturn: -6670
[11747:12713837:0911/013333.641257:ERROR:ui/display/mac/cv_display_link_mac.mm:195] CVDisplayLinkCreateWithCGDisplay failed. CVReturn: -6670
[11747:12713741:0911/013333.641377:ERROR:ui/display/mac/cv_display_link_mac.mm:195] CVDisplayLinkCreateWithCGDisplay failed. CVReturn: -6670
[11747:12713837:0911/013333.641414:ERROR:ui/display/mac/cv_display_link_mac.mm:195] CVDisplayLinkCreateWithCGDisplay failed. CVReturn: -6670
[11747:12713741:0911/013333.641515:ERROR:ui/display/mac/cv_display_link_mac.mm:195] CVDisplayLinkCreateWithCGDisplay failed. CVReturn: -6670
[11747:12713837:0911/013333.641554:ERROR:ui/display/mac/cv_display_link_mac.mm:195] CVDisplayLinkCreateWithCGDisplay failed. CVReturn: -6670
[11747:12713741:0911/013333.641643:ERROR:ui/display/mac/cv_display_link_mac.mm:195] CVDisplayLinkCreateWithCGDisplay failed. CVReturn: -6670
[11747:12713837:0911/013333.641678:ERROR:ui/display/mac/cv_display_link_mac.mm:195] CVDisplayLinkCreateWithCGDisplay failed. CVReturn: -6670
[11747:12713741:0911/013333.641755:ERROR:ui/display/mac/cv_display_link_mac.mm:195] CVDisplayLinkCreateWithCGDisplay failed. CVReturn: -6670
[11747:12713837:0911/013333.641790:ERROR:ui/display/mac/cv_display_link_mac.mm:195] CVDisplayLinkCreateWithCGDisplay failed. CVReturn: -6670
[11747:12713741:0911/013333.834737:ERROR:ui/display/mac/cv_display_link_mac.mm:195] CVDisplayLinkCreateWithCGDisplay failed. CVReturn: -6670
[11747:12713837:0911/013333.834812:ERROR:ui/display/mac/cv_display_link_mac.mm:195] CVDisplayLinkCreateWithCGDisplay failed. CVReturn: -6670
[11741:12713725:0911/013440.933259:ERROR:google_apis/gcm/engine/connection_factory_impl.cc:484] ConnectionHandler failed with net error: -2
[11748:12713778:0911/013451.096519:ERROR:net/socket/ssl_client_socket_impl.cc:962] handshake failed; returned -1, SSL error code 1, net_error -100
[11748:12713778:0911/013501.268384:ERROR:net/socket/ssl_client_socket_impl.cc:962] handshake failed; returned -1, SSL error code 1, net_error -100
[11741:12713725:0911/013501.269176:ERROR:google_apis/gcm/engine/connection_factory_impl.cc:435] Failed to connect to MCS endpoint with error -100
[11741:12713725:0911/013615.193335:ERROR:google_apis/gcm/engine/connection_factory_impl.cc:484] ConnectionHandler failed with net error: -2
[11748:12713778:0911/013625.351315:ERROR:net/socket/ssl_client_socket_impl.cc:962] handshake failed; returned -1, SSL error code 1, net_error -100
[11748:12713778:0911/013635.508308:ERROR:net/socket/ssl_client_socket_impl.cc:962] handshake failed; returned -1, SSL error code 1, net_error -100
[11741:12713725:0911/013635.508735:ERROR:google_apis/gcm/engine/connection_factory_impl.cc:435] Failed to connect to MCS endpoint with error -100
[11741:12713725:0911/013750.253168:ERROR:google_apis/gcm/engine/connection_factory_impl.cc:484] ConnectionHandler failed with net error: -2
[11748:12713778:0911/013800.389368:ERROR:net/socket/ssl_client_socket_impl.cc:962] handshake failed; returned -1, SSL error code 1, net_error -100
[11748:12713778:0911/013810.551143:ERROR:net/socket/ssl_client_socket_impl.cc:962] handshake failed; returned -1, SSL error code 1, net_error -100
[11741:12713725:0911/013810.551515:ERROR:google_apis/gcm/engine/connection_factory_impl.cc:435] Failed to connect to MCS endpoint with error -100
[11741:12713725:0911/013925.088542:ERROR:google_apis/gcm/engine/connection_factory_impl.cc:484] ConnectionHandler failed with net error: -2
[11748:12713778:0911/013935.230352:ERROR:net/socket/ssl_client_socket_impl.cc:962] handshake failed; returned -1, SSL error code 1, net_error -100
[11748:12713778:0911/013945.382947:ERROR:net/socket/ssl_client_socket_impl.cc:962] handshake failed; returned -1, SSL error code 1, net_error -100
[11741:12713725:0911/013945.383301:ERROR:google_apis/gcm/engine/connection_factory_impl.cc:435] Failed to connect to MCS endpoint with error -100
[11741:12713680:0911/014041.798805:ERROR:chrome/browser/ui/views/user_education/impl/browser_user_education_interface_impl.cc:186] Attempting to show IPH IPH_ExtensionsZeroStatePromo before browser initialization complete; IPH will not be shown.
[11747:12713741:0911/014041.808964:ERROR:ui/display/mac/cv_display_link_mac.mm:195] CVDisplayLinkCreateWithCGDisplay failed. CVReturn: -6670
[11747:12713837:0911/014041.809049:ERROR:ui/display/mac/cv_display_link_mac.mm:195] CVDisplayLinkCreateWithCGDisplay failed. CVReturn: -6670
[11747:12713741:0911/014041.809157:ERROR:ui/display/mac/cv_display_link_mac.mm:195] CVDisplayLinkCreateWithCGDisplay failed. CVReturn: -6670
[11747:12713837:0911/014041.809196:ERROR:ui/display/mac/cv_display_link_mac.mm:195] CVDisplayLinkCreateWithCGDisplay failed. CVReturn: -6670
[11747:12713741:0911/014041.809279:ERROR:ui/display/mac/cv_display_link_mac.mm:195] CVDisplayLinkCreateWithCGDisplay failed. CVReturn: -6670
[11747:12713837:0911/014041.809315:ERROR:ui/display/mac/cv_display_link_mac.mm:195] CVDisplayLinkCreateWithCGDisplay failed. CVReturn: -6670
[11747:12713741:0911/014041.809397:ERROR:ui/display/mac/cv_display_link_mac.mm:195] CVDisplayLinkCreateWithCGDisplay failed. CVReturn: -6670
[11747:12713837:0911/014041.809441:ERROR:ui/display/mac/cv_display_link_mac.mm:195] CVDisplayLinkCreateWithCGDisplay failed. CVReturn: -6670
[11747:12713741:0911/014041.809522:ERROR:ui/display/mac/cv_display_link_mac.mm:195] CVDisplayLinkCreateWithCGDisplay failed. CVReturn: -6670
[11747:12713837:0911/014041.809591:ERROR:ui/display/mac/cv_display_link_mac.mm:195] CVDisplayLinkCreateWithCGDisplay failed. CVReturn: -6670
[11747:12713741:0911/014041.983892:ERROR:ui/display/mac/cv_display_link_mac.mm:195] CVDisplayLinkCreateWithCGDisplay failed. CVReturn: -6670
[11747:12713837:0911/014041.983975:ERROR:ui/display/mac/cv_display_link_mac.mm:195] CVDisplayLinkCreateWithCGDisplay failed. CVReturn: -6670
[11741:12713725:0911/014100.457510:ERROR:google_apis/gcm/engine/connection_factory_impl.cc:484] ConnectionHandler failed with net error: -2
[11748:12713778:0911/014110.600570:ERROR:net/socket/ssl_client_socket_impl.cc:962] handshake failed; returned -1, SSL error code 1, net_error -100
[11748:12713778:0911/014120.749128:ERROR:net/socket/ssl_client_socket_impl.cc:962] handshake failed; returned -1, SSL error code 1, net_error -100
[11741:12713725:0911/014120.749482:ERROR:google_apis/gcm/engine/connection_factory_impl.cc:435] Failed to connect to MCS endpoint with error -100
[11747:12713741:0911/014157.971002:ERROR:ui/display/mac/cv_display_link_mac.mm:195] CVDisplayLinkCreateWithCGDisplay failed. CVReturn: -6670
[11747:12713837:0911/014157.971076:ERROR:ui/display/mac/cv_display_link_mac.mm:195] CVDisplayLinkCreateWithCGDisplay failed. CVReturn: -6670
[11747:12713741:0911/014157.971234:ERROR:ui/display/mac/cv_display_link_mac.mm:195] CVDisplayLinkCreateWithCGDisplay failed. CVReturn: -6670
[11747:12713837:0911/014157.971271:ERROR:ui/display/mac/cv_display_link_mac.mm:195] CVDisplayLinkCreateWithCGDisplay failed. CVReturn: -6670
[11747:12713741:0911/014157.971353:ERROR:ui/display/mac/cv_display_link_mac.mm:195] CVDisplayLinkCreateWithCGDisplay failed. CVReturn: -6670
[11747:12713837:0911/014157.971389:ERROR:ui/display/mac/cv_display_link_mac.mm:195] CVDisplayLinkCreateWithCGDisplay failed. CVReturn: -6670
[11747:12713741:0911/014157.971467:ERROR:ui/display/mac/cv_display_link_mac.mm:195] CVDisplayLinkCreateWithCGDisplay failed. CVReturn: -6670
[11747:12713837:0911/014157.971502:ERROR:ui/display/mac/cv_display_link_mac.mm:195] CVDisplayLinkCreateWithCGDisplay failed. CVReturn: -6670
[11747:12713741:0911/014157.971579:ERROR:ui/display/mac/cv_display_link_mac.mm:195] CVDisplayLinkCreateWithCGDisplay failed. CVReturn: -6670
[11747:12713837:0911/014157.971610:ERROR:ui/display/mac/cv_display_link_mac.mm:195] CVDisplayLinkCreateWithCGDisplay failed. CVReturn: -6670
[11747:12713741:0911/014158.126412:ERROR:ui/display/mac/cv_display_link_mac.mm:195] CVDisplayLinkCreateWithCGDisplay failed. CVReturn: -6670
[11747:12713837:0911/014158.126486:ERROR:ui/display/mac/cv_display_link_mac.mm:195] CVDisplayLinkCreateWithCGDisplay failed. CVReturn: -6670
[11747:12713741:0911/014215.313147:ERROR:gpu/command_buffer/service/shared_image/shared_image_manager.cc:370] SharedImageManager::ProduceOverlay: Trying to Produce a Overlay representation from a non-existent mailbox.
[11747:12713741:0911/014215.313346:ERROR:components/viz/service/display_embedder/skia_output_device_buffer_queue.cc:258] Invalid mailbox.
[11747:12713741:0911/014215.313361:ERROR:gpu/command_buffer/service/shared_image/shared_image_manager.cc:370] SharedImageManager::ProduceOverlay: Trying to Produce a Overlay representation from a non-existent mailbox.
[11747:12713741:0911/014215.313367:ERROR:components/viz/service/display_embedder/skia_output_device_buffer_queue.cc:258] Invalid mailbox.
[11747:12713741:0911/014215.313374:ERROR:gpu/command_buffer/service/shared_image/shared_image_manager.cc:370] SharedImageManager::ProduceOverlay: Trying to Produce a Overlay representation from a non-existent mailbox.
[11747:12713741:0911/014215.313380:ERROR:components/viz/service/display_embedder/skia_output_device_buffer_queue.cc:258] Invalid mailbox.
[11741:12713725:0911/014238.196826:ERROR:google_apis/gcm/engine/connection_factory_impl.cc:484] ConnectionHandler failed with net error: -2
[11748:12713778:0911/014248.344800:ERROR:net/socket/ssl_client_socket_impl.cc:962] handshake failed; returned -1, SSL error code 1, net_error -100
[11748:12713778:0911/014258.505007:ERROR:net/socket/ssl_client_socket_impl.cc:962] handshake failed; returned -1, SSL error code 1, net_error -100
[11741:12713725:0911/014258.505366:ERROR:google_apis/gcm/engine/connection_factory_impl.cc:435] Failed to connect to MCS endpoint with error -100
[11741:12713725:0911/014418.660745:ERROR:google_apis/gcm/engine/connection_factory_impl.cc:484] ConnectionHandler failed with net error: -2
[11748:12713778:0911/014428.818722:ERROR:net/socket/ssl_client_socket_impl.cc:962] handshake failed; returned -1, SSL error code 1, net_error -100
[11748:12713778:0911/014438.971314:ERROR:net/socket/ssl_client_socket_impl.cc:962] handshake failed; returned -1, SSL error code 1, net_error -100
[11741:12713725:0911/014438.971647:ERROR:google_apis/gcm/engine/connection_factory_impl.cc:435] Failed to connect to MCS endpoint with error -100
[11741:12713680:0911/014447.789948:ERROR:chrome/browser/ui/views/user_education/impl/browser_user_education_interface_impl.cc:186] Attempting to show IPH IPH_ExtensionsZeroStatePromo before browser initialization complete; IPH will not be shown.
[11747:12713741:0911/014447.799926:ERROR:ui/display/mac/cv_display_link_mac.mm:195] CVDisplayLinkCreateWithCGDisplay failed. CVReturn: -6670
[11747:12713837:0911/014447.800003:ERROR:ui/display/mac/cv_display_link_mac.mm:195] CVDisplayLinkCreateWithCGDisplay failed. CVReturn: -6670
[11747:12713741:0911/014447.800121:ERROR:ui/display/mac/cv_display_link_mac.mm:195] CVDisplayLinkCreateWithCGDisplay failed. CVReturn: -6670
[11747:12713837:0911/014447.800162:ERROR:ui/display/mac/cv_display_link_mac.mm:195] CVDisplayLinkCreateWithCGDisplay failed. CVReturn: -6670
[11747:12713741:0911/014447.800245:ERROR:ui/display/mac/cv_display_link_mac.mm:195] CVDisplayLinkCreateWithCGDisplay failed. CVReturn: -6670
[11747:12713837:0911/014447.800300:ERROR:ui/display/mac/cv_display_link_mac.mm:195] CVDisplayLinkCreateWithCGDisplay failed. CVReturn: -6670
[11747:12713741:0911/014447.800378:ERROR:ui/display/mac/cv_display_link_mac.mm:195] CVDisplayLinkCreateWithCGDisplay failed. CVReturn: -6670
[11747:12713837:0911/014447.800415:ERROR:ui/display/mac/cv_display_link_mac.mm:195] CVDisplayLinkCreateWithCGDisplay failed. CVReturn: -6670
[11747:12713741:0911/014447.800495:ERROR:ui/display/mac/cv_display_link_mac.mm:195] CVDisplayLinkCreateWithCGDisplay failed. CVReturn: -6670
[11747:12713837:0911/014447.800534:ERROR:ui/display/mac/cv_display_link_mac.mm:195] CVDisplayLinkCreateWithCGDisplay failed. CVReturn: -6670
[11747:12713741:0911/014447.951956:ERROR:ui/display/mac/cv_display_link_mac.mm:195] CVDisplayLinkCreateWithCGDisplay failed. CVReturn: -6670
[11747:12713837:0911/014447.952026:ERROR:ui/display/mac/cv_display_link_mac.mm:195] CVDisplayLinkCreateWithCGDisplay failed. CVReturn: -6670
[11747:12713741:0911/014550.263952:ERROR:ui/display/mac/cv_display_link_mac.mm:195] CVDisplayLinkCreateWithCGDisplay failed. CVReturn: -6670
[11747:12713837:0911/014550.264031:ERROR:ui/display/mac/cv_display_link_mac.mm:195] CVDisplayLinkCreateWithCGDisplay failed. CVReturn: -6670
[11747:12713741:0911/014550.264138:ERROR:ui/display/mac/cv_display_link_mac.mm:195] CVDisplayLinkCreateWithCGDisplay failed. CVReturn: -6670
[11747:12713837:0911/014550.264175:ERROR:ui/display/mac/cv_display_link_mac.mm:195] CVDisplayLinkCreateWithCGDisplay failed. CVReturn: -6670
[11747:12713741:0911/014550.264262:ERROR:ui/display/mac/cv_display_link_mac.mm:195] CVDisplayLinkCreateWithCGDisplay failed. CVReturn: -6670
[11747:12713837:0911/014550.264327:ERROR:ui/display/mac/cv_display_link_mac.mm:195] CVDisplayLinkCreateWithCGDisplay failed. CVReturn: -6670
[11747:12713741:0911/014550.264402:ERROR:ui/display/mac/cv_display_link_mac.mm:195] CVDisplayLinkCreateWithCGDisplay failed. CVReturn: -6670
[11747:12713837:0911/014550.264441:ERROR:ui/display/mac/cv_display_link_mac.mm:195] CVDisplayLinkCreateWithCGDisplay failed. CVReturn: -6670
[11747:12713741:0911/014550.264525:ERROR:ui/display/mac/cv_display_link_mac.mm:195] CVDisplayLinkCreateWithCGDisplay failed. CVReturn: -6670
[11747:12713837:0911/014550.264571:ERROR:ui/display/mac/cv_display_link_mac.mm:195] CVDisplayLinkCreateWithCGDisplay failed. CVReturn: -6670
[11747:12713741:0911/014550.439583:ERROR:ui/display/mac/cv_display_link_mac.mm:195] CVDisplayLinkCreateWithCGDisplay failed. CVReturn: -6670
[11747:12713837:0911/014550.439678:ERROR:ui/display/mac/cv_display_link_mac.mm:195] CVDisplayLinkCreateWithCGDisplay failed. CVReturn: -6670
[11741:12713725:0911/014558.926817:ERROR:google_apis/gcm/engine/connection_factory_impl.cc:484] ConnectionHandler failed with net error: -2
[11748:12713778:0911/014609.108617:ERROR:net/socket/ssl_client_socket_impl.cc:962] handshake failed; returned -1, SSL error code 1, net_error -100
[11748:12713778:0911/014620.316203:ERROR:net/socket/ssl_client_socket_impl.cc:962] handshake failed; returned -1, SSL error code 1, net_error -100
[11741:12713725:0911/014620.316610:ERROR:google_apis/gcm/engine/connection_factory_impl.cc:435] Failed to connect to MCS endpoint with error -100
[11741:12713680:0911/014700.819733:ERROR:chrome/browser/ui/views/user_education/impl/browser_user_education_interface_impl.cc:186] Attempting to show IPH IPH_ExtensionsZeroStatePromo before browser initialization complete; IPH will not be shown.
[11747:12713741:0911/014700.828278:ERROR:ui/display/mac/cv_display_link_mac.mm:195] CVDisplayLinkCreateWithCGDisplay failed. CVReturn: -6670
[11747:12713837:0911/014700.828666:ERROR:ui/display/mac/cv_display_link_mac.mm:195] CVDisplayLinkCreateWithCGDisplay failed. CVReturn: -6670
[11747:12713741:0911/014700.828791:ERROR:ui/display/mac/cv_display_link_mac.mm:195] CVDisplayLinkCreateWithCGDisplay failed. CVReturn: -6670
[11747:12713837:0911/014700.828830:ERROR:ui/display/mac/cv_display_link_mac.mm:195] CVDisplayLinkCreateWithCGDisplay failed. CVReturn: -6670
[11747:12713741:0911/014700.828924:ERROR:ui/display/mac/cv_display_link_mac.mm:195] CVDisplayLinkCreateWithCGDisplay failed. CVReturn: -6670
[11747:12713837:0911/014700.828963:ERROR:ui/display/mac/cv_display_link_mac.mm:195] CVDisplayLinkCreateWithCGDisplay failed. CVReturn: -6670
[11747:12713741:0911/014700.829039:ERROR:ui/display/mac/cv_display_link_mac.mm:195] CVDisplayLinkCreateWithCGDisplay failed. CVReturn: -6670
[11747:12713837:0911/014700.829073:ERROR:ui/display/mac/cv_display_link_mac.mm:195] CVDisplayLinkCreateWithCGDisplay failed. CVReturn: -6670
[11747:12713741:0911/014700.829145:ERROR:ui/display/mac/cv_display_link_mac.mm:195] CVDisplayLinkCreateWithCGDisplay failed. CVReturn: -6670
[11747:12713837:0911/014700.829195:ERROR:ui/display/mac/cv_display_link_mac.mm:195] CVDisplayLinkCreateWithCGDisplay failed. CVReturn: -6670
[11747:12713741:0911/014701.038295:ERROR:ui/display/mac/cv_display_link_mac.mm:195] CVDisplayLinkCreateWithCGDisplay failed. CVReturn: -6670
[11747:12713837:0911/014701.038378:ERROR:ui/display/mac/cv_display_link_mac.mm:195] CVDisplayLinkCreateWithCGDisplay failed. CVReturn: -6670
[11741:12713725:0911/014733.521615:ERROR:google_apis/gcm/engine/connection_factory_impl.cc:484] ConnectionHandler failed with net error: -2
[11748:12713778:0911/014743.671342:ERROR:net/socket/ssl_client_socket_impl.cc:962] handshake failed; returned -1, SSL error code 1, net_error -100
[11747:12713741:0911/014813.627629:ERROR:ui/display/mac/cv_display_link_mac.mm:195] CVDisplayLinkCreateWithCGDisplay failed. CVReturn: -6670
[11747:12713837:0911/014813.627697:ERROR:ui/display/mac/cv_display_link_mac.mm:195] CVDisplayLinkCreateWithCGDisplay failed. CVReturn: -6670
[11747:12713741:0911/014813.627807:ERROR:ui/display/mac/cv_display_link_mac.mm:195] CVDisplayLinkCreateWithCGDisplay failed. CVReturn: -6670
[11747:12713837:0911/014813.627847:ERROR:ui/display/mac/cv_display_link_mac.mm:195] CVDisplayLinkCreateWithCGDisplay failed. CVReturn: -6670
[11747:12713741:0911/014813.627943:ERROR:ui/display/mac/cv_display_link_mac.mm:195] CVDisplayLinkCreateWithCGDisplay failed. CVReturn: -6670
[11747:12713837:0911/014813.627978:ERROR:ui/display/mac/cv_display_link_mac.mm:195] CVDisplayLinkCreateWithCGDisplay failed. CVReturn: -6670
[11747:12713741:0911/014813.628071:ERROR:ui/display/mac/cv_display_link_mac.mm:195] CVDisplayLinkCreateWithCGDisplay failed. CVReturn: -6670
[11747:12713837:0911/014813.628105:ERROR:ui/display/mac/cv_display_link_mac.mm:195] CVDisplayLinkCreateWithCGDisplay failed. CVReturn: -6670
[11747:12713741:0911/014813.628181:ERROR:ui/display/mac/cv_display_link_mac.mm:195] CVDisplayLinkCreateWithCGDisplay failed. CVReturn: -6670
[11747:12713837:0911/014813.628214:ERROR:ui/display/mac/cv_display_link_mac.mm:195] CVDisplayLinkCreateWithCGDisplay failed. CVReturn: -6670
[11741:12713725:0911/014813.674886:ERROR:google_apis/gcm/engine/connection_factory_impl.cc:435] Failed to connect to MCS endpoint with error -7
[11747:12713741:0911/014813.843710:ERROR:ui/display/mac/cv_display_link_mac.mm:195] CVDisplayLinkCreateWithCGDisplay failed. CVReturn: -6670
[11747:12713837:0911/014813.843781:ERROR:ui/display/mac/cv_display_link_mac.mm:195] CVDisplayLinkCreateWithCGDisplay failed. CVReturn: -6670
[11747:12713741:0911/014838.362206:ERROR:gpu/command_buffer/service/shared_image/shared_image_manager.cc:370] SharedImageManager::ProduceOverlay: Trying to Produce a Overlay representation from a non-existent mailbox.
[11747:12713741:0911/014838.362401:ERROR:components/viz/service/display_embedder/skia_output_device_buffer_queue.cc:258] Invalid mailbox.
[11747:12713741:0911/014838.362410:ERROR:gpu/command_buffer/service/shared_image/shared_image_manager.cc:370] SharedImageManager::ProduceOverlay: Trying to Produce a Overlay representation from a non-existent mailbox.
[11747:12713741:0911/014838.362415:ERROR:components/viz/service/display_embedder/skia_output_device_buffer_queue.cc:258] Invalid mailbox.
[11747:12713741:0911/014838.362418:ERROR:gpu/command_buffer/service/shared_image/shared_image_manager.cc:370] SharedImageManager::ProduceOverlay: Trying to Produce a Overlay representation from a non-existent mailbox.
[11747:12713741:0911/014838.362422:ERROR:components/viz/service/display_embedder/skia_output_device_buffer_queue.cc:258] Invalid mailbox.
[11747:12713741:0911/014838.362425:ERROR:gpu/command_buffer/service/shared_image/shared_image_manager.cc:370] SharedImageManager::ProduceOverlay: Trying to Produce a Overlay representation from a non-existent mailbox.
[11747:12713741:0911/014838.362428:ERROR:components/viz/service/display_embedder/skia_output_device_buffer_queue.cc:258] Invalid mailbox.
[11747:12713741:0911/014838.362432:ERROR:gpu/command_buffer/service/shared_image/shared_image_manager.cc:370] SharedImageManager::ProduceOverlay: Trying to Produce a Overlay representation from a non-existent mailbox.
[11747:12713741:0911/014838.362435:ERROR:components/viz/service/display_embedder/skia_output_device_buffer_queue.cc:258] Invalid mailbox.
[11747:12713741:0911/014838.362438:ERROR:gpu/command_buffer/service/shared_image/shared_image_manager.cc:370] SharedImageManager::ProduceOverlay: Trying to Produce a Overlay representation from a non-existent mailbox.
[11747:12713741:0911/014838.362440:ERROR:components/viz/service/display_embedder/skia_output_device_buffer_queue.cc:258] Invalid mailbox.
[11747:12713741:0911/014838.362443:ERROR:gpu/command_buffer/service/shared_image/shared_image_manager.cc:370] SharedImageManager::ProduceOverlay: Trying to Produce a Overlay representation from a non-existent mailbox.
[11747:12713741:0911/014838.362445:ERROR:components/viz/service/display_embedder/skia_output_device_buffer_queue.cc:258] Invalid mailbox.
[11747:12713741:0911/014838.362447:ERROR:gpu/command_buffer/service/shared_image/shared_image_manager.cc:370] SharedImageManager::ProduceOverlay: Trying to Produce a Overlay representation from a non-existent mailbox.
[11747:12713741:0911/014838.362451:ERROR:components/viz/service/display_embedder/skia_output_device_buffer_queue.cc:258] Invalid mailbox.
[11747:12713741:0911/014838.362453:ERROR:gpu/command_buffer/service/shared_image/shared_image_manager.cc:370] SharedImageManager::ProduceOverlay: Trying to Produce a Overlay representation from a non-existent mailbox.
[11747:12713741:0911/014838.362466:ERROR:components/viz/service/display_embedder/skia_output_device_buffer_queue.cc:258] Invalid mailbox.
[11747:12713741:0911/014838.362471:ERROR:gpu/command_buffer/service/shared_image/shared_image_manager.cc:370] SharedImageManager::ProduceOverlay: Trying to Produce a Overlay representation from a non-existent mailbox.
[11747:12713741:0911/014838.362473:ERROR:components/viz/service/display_embedder/skia_output_device_buffer_queue.cc:258] Invalid mailbox.
[11747:12713741:0911/014838.362478:ERROR:gpu/command_buffer/service/shared_image/shared_image_manager.cc:370] SharedImageManager::ProduceOverlay: Trying to Produce a Overlay representation from a non-existent mailbox.
[11747:12713741:0911/014838.362481:ERROR:components/viz/service/display_embedder/skia_output_device_buffer_queue.cc:258] Invalid mailbox.
[11741:12713725:0911/014928.398083:ERROR:google_apis/gcm/engine/connection_factory_impl.cc:484] ConnectionHandler failed with net error: -2
[11748:12713778:0911/014938.577702:ERROR:net/socket/ssl_client_socket_impl.cc:962] handshake failed; returned -1, SSL error code 1, net_error -100
[11748:12713778:0911/014948.752622:ERROR:net/socket/ssl_client_socket_impl.cc:962] handshake failed; returned -1, SSL error code 1, net_error -100
[11741:12713725:0911/014948.753242:ERROR:google_apis/gcm/engine/connection_factory_impl.cc:435] Failed to connect to MCS endpoint with error -100
[11741:12713680:0911/015002.896807:ERROR:chrome/browser/ui/views/user_education/impl/browser_user_education_interface_impl.cc:186] Attempting to show IPH IPH_ExtensionsZeroStatePromo before browser initialization complete; IPH will not be shown.
[11747:12713741:0911/015002.904976:ERROR:ui/display/mac/cv_display_link_mac.mm:195] CVDisplayLinkCreateWithCGDisplay failed. CVReturn: -6670
[11747:12713837:0911/015002.905074:ERROR:ui/display/mac/cv_display_link_mac.mm:195] CVDisplayLinkCreateWithCGDisplay failed. CVReturn: -6670
[11747:12713741:0911/015002.905223:ERROR:ui/display/mac/cv_display_link_mac.mm:195] CVDisplayLinkCreateWithCGDisplay failed. CVReturn: -6670
[11747:12713837:0911/015002.905274:ERROR:ui/display/mac/cv_display_link_mac.mm:195] CVDisplayLinkCreateWithCGDisplay failed. CVReturn: -6670
[11747:12713741:0911/015002.905367:ERROR:ui/display/mac/cv_display_link_mac.mm:195] CVDisplayLinkCreateWithCGDisplay failed. CVReturn: -6670
[11747:12713837:0911/015002.905412:ERROR:ui/display/mac/cv_display_link_mac.mm:195] CVDisplayLinkCreateWithCGDisplay failed. CVReturn: -6670
[11747:12713741:0911/015002.905513:ERROR:ui/display/mac/cv_display_link_mac.mm:195] CVDisplayLinkCreateWithCGDisplay failed. CVReturn: -6670
[11747:12713837:0911/015002.905568:ERROR:ui/display/mac/cv_display_link_mac.mm:195] CVDisplayLinkCreateWithCGDisplay failed. CVReturn: -6670
[11747:12713741:0911/015002.905697:ERROR:ui/display/mac/cv_display_link_mac.mm:195] CVDisplayLinkCreateWithCGDisplay failed. CVReturn: -6670
[11747:12713837:0911/015002.905739:ERROR:ui/display/mac/cv_display_link_mac.mm:195] CVDisplayLinkCreateWithCGDisplay failed. CVReturn: -6670
[11747:12713741:0911/015003.093096:ERROR:ui/display/mac/cv_display_link_mac.mm:195] CVDisplayLinkCreateWithCGDisplay failed. CVReturn: -6670
[11747:12713837:0911/015003.093200:ERROR:ui/display/mac/cv_display_link_mac.mm:195] CVDisplayLinkCreateWithCGDisplay failed. CVReturn: -6670
[11747:12713741:0911/015102.585034:ERROR:ui/display/mac/cv_display_link_mac.mm:195] CVDisplayLinkCreateWithCGDisplay failed. CVReturn: -6670
[11747:12713837:0911/015102.585120:ERROR:ui/display/mac/cv_display_link_mac.mm:195] CVDisplayLinkCreateWithCGDisplay failed. CVReturn: -6670
[11747:12713741:0911/015102.585263:ERROR:ui/display/mac/cv_display_link_mac.mm:195] CVDisplayLinkCreateWithCGDisplay failed. CVReturn: -6670
[11747:12713837:0911/015102.585350:ERROR:ui/display/mac/cv_display_link_mac.mm:195] CVDisplayLinkCreateWithCGDisplay failed. CVReturn: -6670
[11747:12713741:0911/015102.585451:ERROR:ui/display/mac/cv_display_link_mac.mm:195] CVDisplayLinkCreateWithCGDisplay failed. CVReturn: -6670
[11747:12713837:0911/015102.585510:ERROR:ui/display/mac/cv_display_link_mac.mm:195] CVDisplayLinkCreateWithCGDisplay failed. CVReturn: -6670
[11747:12713741:0911/015102.585656:ERROR:ui/display/mac/cv_display_link_mac.mm:195] CVDisplayLinkCreateWithCGDisplay failed. CVReturn: -6670
[11747:12713837:0911/015102.585697:ERROR:ui/display/mac/cv_display_link_mac.mm:195] CVDisplayLinkCreateWithCGDisplay failed. CVReturn: -6670
[11747:12713741:0911/015102.585798:ERROR:ui/display/mac/cv_display_link_mac.mm:195] CVDisplayLinkCreateWithCGDisplay failed. CVReturn: -6670
[11747:12713837:0911/015102.585832:ERROR:ui/display/mac/cv_display_link_mac.mm:195] CVDisplayLinkCreateWithCGDisplay failed. CVReturn: -6670
[11747:12713741:0911/015102.752647:ERROR:ui/display/mac/cv_display_link_mac.mm:195] CVDisplayLinkCreateWithCGDisplay failed. CVReturn: -6670
[11747:12713837:0911/015102.752750:ERROR:ui/display/mac/cv_display_link_mac.mm:195] CVDisplayLinkCreateWithCGDisplay failed. CVReturn: -6670
[11741:12713725:0911/015107.133595:ERROR:google_apis/gcm/engine/connection_factory_impl.cc:484] ConnectionHandler failed with net error: -2
[11748:12713778:0911/015117.315652:ERROR:net/socket/ssl_client_socket_impl.cc:962] handshake failed; returned -1, SSL error code 1, net_error -100
[11748:12713778:0911/015127.489088:ERROR:net/socket/ssl_client_socket_impl.cc:962] handshake failed; returned -1, SSL error code 1, net_error -100
[11741:12713725:0911/015127.489195:ERROR:google_apis/gcm/engine/connection_factory_impl.cc:435] Failed to connect to MCS endpoint with error -100
[11747:12713741:0911/015136.914271:ERROR:ui/display/mac/cv_display_link_mac.mm:195] CVDisplayLinkCreateWithCGDisplay failed. CVReturn: -6670
[11747:12713837:0911/015136.914500:ERROR:ui/display/mac/cv_display_link_mac.mm:195] CVDisplayLinkCreateWithCGDisplay failed. CVReturn: -6670
[11741:12713725:0911/015242.876080:ERROR:google_apis/gcm/engine/connection_factory_impl.cc:484] ConnectionHandler failed with net error: -2
[11748:12713778:0911/015253.025931:ERROR:net/socket/ssl_client_socket_impl.cc:962] handshake failed; returned -1, SSL error code 1, net_error -100
[11748:12713778:0911/015303.178538:ERROR:net/socket/ssl_client_socket_impl.cc:962] handshake failed; returned -1, SSL error code 1, net_error -100
[11741:12713725:0911/015303.178870:ERROR:google_apis/gcm/engine/connection_factory_impl.cc:435] Failed to connect to MCS endpoint with error -100
[11741:12713680:0911/015418.465369:ERROR:chrome/browser/ui/views/user_education/impl/browser_user_education_interface_impl.cc:186] Attempting to show IPH IPH_ExtensionsZeroStatePromo before browser initialization complete; IPH will not be shown.
[11747:12713741:0911/015418.476790:ERROR:ui/display/mac/cv_display_link_mac.mm:195] CVDisplayLinkCreateWithCGDisplay failed. CVReturn: -6670
[11747:12713837:0911/015418.476852:ERROR:ui/display/mac/cv_display_link_mac.mm:195] CVDisplayLinkCreateWithCGDisplay failed. CVReturn: -6670
[11747:12713741:0911/015418.476963:ERROR:ui/display/mac/cv_display_link_mac.mm:195] CVDisplayLinkCreateWithCGDisplay failed. CVReturn: -6670
[11747:12713837:0911/015418.476996:ERROR:ui/display/mac/cv_display_link_mac.mm:195] CVDisplayLinkCreateWithCGDisplay failed. CVReturn: -6670
[11747:12713741:0911/015418.477070:ERROR:ui/display/mac/cv_display_link_mac.mm:195] CVDisplayLinkCreateWithCGDisplay failed. CVReturn: -6670
[11747:12713837:0911/015418.477115:ERROR:ui/display/mac/cv_display_link_mac.mm:195] CVDisplayLinkCreateWithCGDisplay failed. CVReturn: -6670
[11747:12713741:0911/015418.477189:ERROR:ui/display/mac/cv_display_link_mac.mm:195] CVDisplayLinkCreateWithCGDisplay failed. CVReturn: -6670
[11747:12713837:0911/015418.477219:ERROR:ui/display/mac/cv_display_link_mac.mm:195] CVDisplayLinkCreateWithCGDisplay failed. CVReturn: -6670
[11747:12713741:0911/015418.477294:ERROR:ui/display/mac/cv_display_link_mac.mm:195] CVDisplayLinkCreateWithCGDisplay failed. CVReturn: -6670
[11747:12713837:0911/015418.477338:ERROR:ui/display/mac/cv_display_link_mac.mm:195] CVDisplayLinkCreateWithCGDisplay failed. CVReturn: -6670
[11747:12713741:0911/015418.633295:ERROR:ui/display/mac/cv_display_link_mac.mm:195] CVDisplayLinkCreateWithCGDisplay failed. CVReturn: -6670
[11747:12713837:0911/015418.633427:ERROR:ui/display/mac/cv_display_link_mac.mm:195] CVDisplayLinkCreateWithCGDisplay failed. CVReturn: -6670
[11741:12713725:0911/015418.948949:ERROR:google_apis/gcm/engine/connection_factory_impl.cc:484] ConnectionHandler failed with net error: -2
[11748:12713778:0911/015429.122450:ERROR:net/socket/ssl_client_socket_impl.cc:962] handshake failed; returned -1, SSL error code 1, net_error -100
[11748:12713778:0911/015439.261817:ERROR:net/socket/ssl_client_socket_impl.cc:962] handshake failed; returned -1, SSL error code 1, net_error -100
[11741:12713725:0911/015439.261932:ERROR:google_apis/gcm/engine/connection_factory_impl.cc:435] Failed to connect to MCS endpoint with error -100
[11747:12713741:0911/015452.547565:ERROR:ui/display/mac/cv_display_link_mac.mm:195] CVDisplayLinkCreateWithCGDisplay failed. CVReturn: -6670
[11747:12713837:0911/015452.547661:ERROR:ui/display/mac/cv_display_link_mac.mm:195] CVDisplayLinkCreateWithCGDisplay failed. CVReturn: -6670
[11741:12713725:0911/015551.769672:ERROR:google_apis/gcm/engine/connection_factory_impl.cc:484] ConnectionHandler failed with net error: -2
[11748:12713778:0911/015601.905554:ERROR:net/socket/ssl_client_socket_impl.cc:962] handshake failed; returned -1, SSL error code 1, net_error -100
[11748:12713778:0911/015612.077597:ERROR:net/socket/ssl_client_socket_impl.cc:962] handshake failed; returned -1, SSL error code 1, net_error -100
[11741:12713725:0911/015612.077956:ERROR:google_apis/gcm/engine/connection_factory_impl.cc:435] Failed to connect to MCS endpoint with error -100
[11741:12713725:0911/015722.847954:ERROR:google_apis/gcm/engine/connection_factory_impl.cc:484] ConnectionHandler failed with net error: -2
[11748:12713778:0911/015733.073410:ERROR:net/socket/ssl_client_socket_impl.cc:962] handshake failed; returned -1, SSL error code 1, net_error -100
[11748:12713778:0911/015743.243460:ERROR:net/socket/ssl_client_socket_impl.cc:962] handshake failed; returned -1, SSL error code 1, net_error -100
[11741:12713725:0911/015743.243842:ERROR:google_apis/gcm/engine/connection_factory_impl.cc:435] Failed to connect to MCS endpoint with error -100
[11741:12713725:0911/015901.505532:ERROR:google_apis/gcm/engine/connection_factory_impl.cc:484] ConnectionHandler failed with net error: -2
[11748:12713778:0911/015911.662356:ERROR:net/socket/ssl_client_socket_impl.cc:962] handshake failed; returned -1, SSL error code 1, net_error -100
[11748:12713778:0911/015921.802219:ERROR:net/socket/ssl_client_socket_impl.cc:962] handshake failed; returned -1, SSL error code 1, net_error -100
[11741:12713725:0911/015921.802721:ERROR:google_apis/gcm/engine/connection_factory_impl.cc:435] Failed to connect to MCS endpoint with error -100
[11741:12713680:0911/015959.172081:ERROR:chrome/browser/ui/views/user_education/impl/browser_user_education_interface_impl.cc:186] Attempting to show IPH IPH_ExtensionsZeroStatePromo before browser initialization complete; IPH will not be shown.
[11747:12713741:0911/015959.185511:ERROR:ui/display/mac/cv_display_link_mac.mm:195] CVDisplayLinkCreateWithCGDisplay failed. CVReturn: -6670
[11747:12713837:0911/015959.185597:ERROR:ui/display/mac/cv_display_link_mac.mm:195] CVDisplayLinkCreateWithCGDisplay failed. CVReturn: -6670
[11747:12713741:0911/015959.185708:ERROR:ui/display/mac/cv_display_link_mac.mm:195] CVDisplayLinkCreateWithCGDisplay failed. CVReturn: -6670
[11747:12713837:0911/015959.185745:ERROR:ui/display/mac/cv_display_link_mac.mm:195] CVDisplayLinkCreateWithCGDisplay failed. CVReturn: -6670
[11747:12713741:0911/015959.185830:ERROR:ui/display/mac/cv_display_link_mac.mm:195] CVDisplayLinkCreateWithCGDisplay failed. CVReturn: -6670
[11747:12713837:0911/015959.185862:ERROR:ui/display/mac/cv_display_link_mac.mm:195] CVDisplayLinkCreateWithCGDisplay failed. CVReturn: -6670
[11747:12713741:0911/015959.185939:ERROR:ui/display/mac/cv_display_link_mac.mm:195] CVDisplayLinkCreateWithCGDisplay failed. CVReturn: -6670
[11747:12713837:0911/015959.185972:ERROR:ui/display/mac/cv_display_link_mac.mm:195] CVDisplayLinkCreateWithCGDisplay failed. CVReturn: -6670
[11747:12713741:0911/015959.186060:ERROR:ui/display/mac/cv_display_link_mac.mm:195] CVDisplayLinkCreateWithCGDisplay failed. CVReturn: -6670
[11747:12713837:0911/015959.186091:ERROR:ui/display/mac/cv_display_link_mac.mm:195] CVDisplayLinkCreateWithCGDisplay failed. CVReturn: -6670
[11747:12713741:0911/015959.354614:ERROR:ui/display/mac/cv_display_link_mac.mm:195] CVDisplayLinkCreateWithCGDisplay failed. CVReturn: -6670
[11747:12713837:0911/015959.354688:ERROR:ui/display/mac/cv_display_link_mac.mm:195] CVDisplayLinkCreateWithCGDisplay failed. CVReturn: -6670
[11747:12713741:0911/020034.982661:ERROR:ui/display/mac/cv_display_link_mac.mm:195] CVDisplayLinkCreateWithCGDisplay failed. CVReturn: -6670
[11747:12713837:0911/020034.983416:ERROR:ui/display/mac/cv_display_link_mac.mm:195] CVDisplayLinkCreateWithCGDisplay failed. CVReturn: -6670
[11741:12713725:0911/020038.805388:ERROR:google_apis/gcm/engine/connection_factory_impl.cc:484] ConnectionHandler failed with net error: -2
[11748:12713778:0911/020048.960400:ERROR:net/socket/ssl_client_socket_impl.cc:962] handshake failed; returned -1, SSL error code 1, net_error -100
[11748:12713778:0911/020059.157472:ERROR:net/socket/ssl_client_socket_impl.cc:962] handshake failed; returned -1, SSL error code 1, net_error -100
[11741:12713725:0911/020059.157810:ERROR:google_apis/gcm/engine/connection_factory_impl.cc:435] Failed to connect to MCS endpoint with error -100
[11741:12713680:0911/020208.955135:ERROR:chrome/browser/ui/views/user_education/impl/browser_user_education_interface_impl.cc:186] Attempting to show IPH IPH_ExtensionsZeroStatePromo before browser initialization complete; IPH will not be shown.
[11747:12713741:0911/020208.964036:ERROR:ui/display/mac/cv_display_link_mac.mm:195] CVDisplayLinkCreateWithCGDisplay failed. CVReturn: -6670
[11747:12713837:0911/020208.964102:ERROR:ui/display/mac/cv_display_link_mac.mm:195] CVDisplayLinkCreateWithCGDisplay failed. CVReturn: -6670
[11747:12713741:0911/020208.964210:ERROR:ui/display/mac/cv_display_link_mac.mm:195] CVDisplayLinkCreateWithCGDisplay failed. CVReturn: -6670
[11747:12713837:0911/020208.964260:ERROR:ui/display/mac/cv_display_link_mac.mm:195] CVDisplayLinkCreateWithCGDisplay failed. CVReturn: -6670
[11747:12713741:0911/020208.964370:ERROR:ui/display/mac/cv_display_link_mac.mm:195] CVDisplayLinkCreateWithCGDisplay failed. CVReturn: -6670
[11747:12713837:0911/020208.964413:ERROR:ui/display/mac/cv_display_link_mac.mm:195] CVDisplayLinkCreateWithCGDisplay failed. CVReturn: -6670
[11747:12713741:0911/020208.964489:ERROR:ui/display/mac/cv_display_link_mac.mm:195] CVDisplayLinkCreateWithCGDisplay failed. CVReturn: -6670
[11747:12713837:0911/020208.964534:ERROR:ui/display/mac/cv_display_link_mac.mm:195] CVDisplayLinkCreateWithCGDisplay failed. CVReturn: -6670
[11747:12713741:0911/020208.964604:ERROR:ui/display/mac/cv_display_link_mac.mm:195] CVDisplayLinkCreateWithCGDisplay failed. CVReturn: -6670
[11747:12713837:0911/020208.964646:ERROR:ui/display/mac/cv_display_link_mac.mm:195] CVDisplayLinkCreateWithCGDisplay failed. CVReturn: -6670
[11747:12713741:0911/020209.129617:ERROR:ui/display/mac/cv_display_link_mac.mm:195] CVDisplayLinkCreateWithCGDisplay failed. CVReturn: -6670
[11747:12713837:0911/020209.129705:ERROR:ui/display/mac/cv_display_link_mac.mm:195] CVDisplayLinkCreateWithCGDisplay failed. CVReturn: -6670
[11741:12713725:0911/020212.841750:ERROR:google_apis/gcm/engine/connection_factory_impl.cc:484] ConnectionHandler failed with net error: -2
[11748:12713778:0911/020222.977221:ERROR:net/socket/ssl_client_socket_impl.cc:962] handshake failed; returned -1, SSL error code 1, net_error -100
[11748:12713778:0911/020233.122380:ERROR:net/socket/ssl_client_socket_impl.cc:962] handshake failed; returned -1, SSL error code 1, net_error -100
[11741:12713725:0911/020233.122993:ERROR:google_apis/gcm/engine/connection_factory_impl.cc:435] Failed to connect to MCS endpoint with error -100
[11741:12713725:0911/020344.914265:ERROR:google_apis/gcm/engine/connection_factory_impl.cc:484] ConnectionHandler failed with net error: -2
[11748:12713778:0911/020355.089030:ERROR:net/socket/ssl_client_socket_impl.cc:962] handshake failed; returned -1, SSL error code 1, net_error -100
[11748:12713778:0911/020405.278172:ERROR:net/socket/ssl_client_socket_impl.cc:962] handshake failed; returned -1, SSL error code 1, net_error -100
[11741:12713725:0911/020405.278495:ERROR:google_apis/gcm/engine/connection_factory_impl.cc:435] Failed to connect to MCS endpoint with error -100
[11741:12713725:0911/020516.435307:ERROR:google_apis/gcm/engine/connection_factory_impl.cc:484] ConnectionHandler failed with net error: -2
[11748:12713778:0911/020526.650920:ERROR:net/socket/ssl_client_socket_impl.cc:962] handshake failed; returned -1, SSL error code 1, net_error -100
[11748:12713778:0911/020536.820808:ERROR:net/socket/ssl_client_socket_impl.cc:962] handshake failed; returned -1, SSL error code 1, net_error -100
[11741:12713725:0911/020536.821179:ERROR:google_apis/gcm/engine/connection_factory_impl.cc:435] Failed to connect to MCS endpoint with error -100
