PASS 01-directory-with-business-columns
PASS 02-object-portrait
PASS 03-related-business-on-map
PASS 04-institution-related-enterprise
PASS 05-inline-object-answer
PASS 06-green-object-without-false-events
PASS 07-event-sources-and-trigger-basis
PASS 08-exact-ontology-rule
PASS 09-exact-monitor-model
PASS 09b-action-complete-without-false-new-event
PASS 10-purpose-first-comparison
PASS 11-product-metric-comparison
PASS 12-product-holding-trends
PASS 13-mixed-basic-information
PASS 14-risk-panorama-in-unified-module
PASS 15-panorama-drills-to-object-portrait
PASS 16-panorama-financing
PASS 16-panorama-budget
PASS 16-panorama-preloan
PASS 16-panorama-post-investment
PASS 17-object-chat-1280
PASS 18-inline-map-1280
PASS 19-comparison-builder-1280
PASS 17-object-chat-390
PASS 18-inline-map-390
PASS 19-comparison-builder-390
PASS 17-object-chat-320
PASS 18-inline-map-320
PASS 19-comparison-builder-320
PASS 20-monitor-read-failure
