PASS 01-or-condition
node:internal/modules/run_main:123
    triggerUncaughtException(
    ^

page.screenshot: Timeout 60000ms exceeded.
Call log:
[2m  - taking page screenshot[22m
[2m    - disabled all CSS animations[22m
[2m  - waiting for fonts to load...[22m
[2m  - fonts loaded[22m

    at shot (/Users/domi/Public/Vibecoding/ontology3.0-worktrees/prototype-composite-v1.3.0/designs/prototype-work/v1.4/tests/review-logic-format-browser.mjs:37:40)
    at /Users/domi/Public/Vibecoding/ontology3.0-worktrees/prototype-composite-v1.3.0/designs/prototype-work/v1.4/tests/review-logic-format-browser.mjs:88:81 {
  log: [
    '  - taking page screenshot',
    '    - disabled all CSS animations',
    '  - waiting for fonts to load...',
    '  - fonts loaded'
  ],
  name: 'TimeoutError'
}

Node.js v22.22.0
