PASS 01-product-directory-preview
PASS 02-product-timeseries-parallel
PASS 03-product-latest-comparison
PASS 04-dimension-tiles
PASS 05-selection-reload-and-idle
PASS 06-set-report
PASS 07-mixed-object-basic-tiles
PASS 08-enterprise-map-portrait
PASS 09-focused-ontology-canvas
PASS 10-unified-events
PASS 11-action-progress-return
PASS 12-set-dialog-1440
PASS 13-portrait-1440
PASS 12-set-dialog-1280
PASS 13-portrait-1280
PASS 12-set-dialog-390
PASS 13-portrait-390
PASS 12-set-dialog-320
PASS 13-portrait-320
PASS 14-mobile-preview
