
> ontology-financial-workbench-v14@1.4.0 test
> node --test tests/*.test.mjs composite/tests/*.test.mjs

TAP version 13
# Subtest: 21 unique enterprise objects replace the three duplicate financing nodes
ok 1 - 21 unique enterprise objects replace the three duplicate financing nodes
  ---
  duration_ms: 10.182208
  type: 'test'
  ...
# Subtest: all financing, model, decision and risk aliases resolve to the same enterprise
ok 2 - all financing, model, decision and risk aliases resolve to the same enterprise
  ---
  duration_ms: 3.903667
  type: 'test'
  ...
# Subtest: all active relationships, events and series reference existing objects after consolidation
ok 3 - all active relationships, events and series reference existing objects after consolidation
  ---
  duration_ms: 1.305834
  type: 'test'
  ...
# Subtest: merged financing and risk facts retain their original version and values
ok 4 - merged financing and risk facts retain their original version and values
  ---
  duration_ms: 0.266417
  type: 'test'
  ...
# Subtest: coordinates are distributed, in China city ranges and explicitly synthetic
ok 5 - coordinates are distributed, in China city ranges and explicitly synthetic
  ---
  duration_ms: 0.543125
  type: 'test'
  ...
# Subtest: no financing values are invented for enterprises without a financing source
ok 6 - no financing values are invented for enterprises without a financing source
  ---
  duration_ms: 0.29125
  type: 'test'
  ...
# Subtest: host selection deduplicates aliases while preserving the requested business view
ok 7 - host selection deduplicates aliases while preserving the requested business view
  ---
  duration_ms: 12.718084
  type: 'test'
  ...
# Subtest: model consumers match both domains through the master without changing source envelopes
ok 8 - model consumers match both domains through the master without changing source envelopes
  ---
  duration_ms: 1.626334
  type: 'test'
  ...
# Subtest: v1.3.0 parent directory exactly matches the anchored parent commit
ok 9 - v1.3.0 parent directory exactly matches the anchored parent commit
  ---
  duration_ms: 166.068208
  type: 'test'
  ...
# Subtest: v1.2.0 and v1.1.0 baselines remain unchanged
ok 10 - v1.2.0 and v1.1.0 baselines remain unchanged
  ---
  duration_ms: 178.037208
  type: 'test'
  ...
# Subtest: readability distinguishes regular controls, headings and technical identifiers
ok 11 - readability distinguishes regular controls, headings and technical identifiers
  ---
  duration_ms: 92.5445
  type: 'test'
  ...
# Subtest: small CSS fonts are raised without reducing metric values or changing visibility
ok 12 - small CSS fonts are raised without reducing metric values or changing visibility
  ---
  duration_ms: 0.551042
  type: 'test'
  ...
# Subtest: responsive rules retain their font expression and newly loaded sheets are handled
ok 13 - responsive rules retain their font expression and newly loaded sheets are handled
  ---
  duration_ms: 1.323667
  type: 'test'
  ...
# Subtest: supplementary data content is placed inside the scrolling page, never before a full-height app
ok 14 - supplementary data content is placed inside the scrolling page, never before a full-height app
  ---
  duration_ms: 0.8655
  type: 'test'
  ...
# Subtest: v1.4 candidate serves the local Shell and reused model runtime
ok 15 - v1.4 candidate serves the local Shell and reused model runtime
  ---
  duration_ms: 459.138667
  type: 'test'
  ...
# Subtest: v1.4 inherits v1.3.2 with the original frozen ancestor anchors
ok 16 - v1.4 inherits v1.3.2 with the original frozen ancestor anchors
  ---
  duration_ms: 17.61875
  type: 'test'
  ...
# Subtest: one Shell registers M01-M08 and the business cockpit once
ok 17 - one Shell registers M01-M08 and the business cockpit once
  ---
  duration_ms: 0.866791
  type: 'test'
  ...
# Subtest: homepage keeps the fixed three-domain architecture and real feature launcher
ok 18 - homepage keeps the fixed three-domain architecture and real feature launcher
  ---
  duration_ms: 1.606375
  type: 'test'
  ...
# Subtest: module tasks stay in the Shell with a shared horizontal cockpit layout
ok 19 - module tasks stay in the Shell with a shared horizontal cockpit layout
  ---
  duration_ms: 1.713
  type: 'test'
  ...
# Subtest: WorkspaceContext remains canonical and synchronized without a global context chip
ok 20 - WorkspaceContext remains canonical and synchronized without a global context chip
  ---
  duration_ms: 1.045333
  type: 'test'
  ...
# Subtest: M07 provides discovery plus six shared-context lenses
ok 21 - M07 provides discovery plus six shared-context lenses
  ---
  duration_ms: 13.725416
  type: 'test'
  ...
# Subtest: M08 is objective-centric, generic and retains the real Python/Git drilldown
ok 22 - M08 is objective-centric, generic and retains the real Python/Git drilldown
  ---
  duration_ms: 1.303625
  type: 'test'
  ...
# Subtest: inherited real workspaces retain query animation, action, decision and report flows
ok 23 - inherited real workspaces retain query animation, action, decision and report flows
  ---
  duration_ms: 7.935625
  type: 'test'
  ...
# Subtest: candidate pages contain no redirect wrappers or background polling loops
ok 24 - candidate pages contain no redirect wrappers or background polling loops
  ---
  duration_ms: 11.706875
  type: 'test'
  ...
# Subtest: cross-tab state changes never force a full page reload
ok 25 - cross-tab state changes never force a full page reload
  ---
  duration_ms: 0.760709
  type: 'test'
  ...
# Subtest: M07 receives host context only after its resource reports ready
ok 26 - M07 receives host context only after its resource reports ready
  ---
  duration_ms: 0.39325
  type: 'test'
  ...
# Subtest: Dashboard switches business views without rebuilding its iframe
ok 27 - Dashboard switches business views without rebuilding its iframe
  ---
  duration_ms: 0.918541
  type: 'test'
  ...
# Subtest: popstate, hashchange and stale frame callbacks remain guarded
ok 28 - popstate, hashchange and stale frame callbacks remain guarded
  ---
  duration_ms: 1.913125
  type: 'test'
  ...
# Subtest: required desktop and mobile layouts have explicit responsive rules
ok 29 - required desktop and mobile layouts have explicit responsive rules
  ---
  duration_ms: 7.006084
  type: 'test'
  ...
# Subtest: baseline query settings and Agent authoring routes remain reachable from the Shell
ok 30 - baseline query settings and Agent authoring routes remain reachable from the Shell
  ---
  duration_ms: 12.526625
  type: 'test'
  ...
# Subtest: model question history freezes the answer, result version and original object scope
ok 31 - model question history freezes the answer, result version and original object scope
  ---
  duration_ms: 2.849708
  type: 'test'
  ...
# Subtest: failed and cancelled queries do not get recorded as successful conversations
ok 32 - failed and cancelled queries do not get recorded as successful conversations
  ---
  duration_ms: 9.71975
  type: 'test'
  ...
# Subtest: CSV preserves values and provenance while quoting delimiters and neutralizing formulas
ok 33 - CSV preserves values and provenance while quoting delimiters and neutralizing formulas
  ---
  duration_ms: 1.190959
  type: 'test'
  ...
# Subtest: decision projection distinguishes cancelled, failed and executing tasks
ok 34 - decision projection distinguishes cancelled, failed and executing tasks
  ---
  duration_ms: 3.5615
  type: 'test'
  ...
# Subtest: decision summary counts and detail filters use identical stage groups
ok 35 - decision summary counts and detail filters use identical stage groups
  ---
  duration_ms: 1.388334
  type: 'test'
  ...
# Subtest: task corrections take precedence over the original assignment without losing execution stage
ok 36 - task corrections take precedence over the original assignment without losing execution stage
  ---
  duration_ms: 6.001
  type: 'test'
  ...
# Subtest: baseline business answers do not inherit a previously viewed model answer or model version
ok 37 - baseline business answers do not inherit a previously viewed model answer or model version
  ---
  duration_ms: 4.606708
  type: 'test'
  ...
# Subtest: baseline historyRuns are resolved by the selected run without falling back to a live answer
ok 38 - baseline historyRuns are resolved by the selected run without falling back to a live answer
  ---
  duration_ms: 2.19625
  type: 'test'
  ...
# Subtest: numeric input rejects null, empty, codes and booleans but retains zero and negatives
ok 39 - numeric input rejects null, empty, codes and booleans but retains zero and negatives
  ---
  duration_ms: 9.543
  type: 'test'
  ...
# Subtest: requested result mode never falls through to another available envelope
ok 40 - requested result mode never falls through to another available envelope
  ---
  duration_ms: 0.837875
  type: 'test'
  ...
# Subtest: explicit current object, object set and all scopes are respected
ok 41 - explicit current object, object set and all scopes are respected
  ---
  duration_ms: 2.542792
  type: 'test'
  ...
# Subtest: explicit cross-module identity mappings do not guess other objects
ok 42 - explicit cross-module identity mappings do not guess other objects
  ---
  duration_ms: 0.834625
  type: 'test'
  ...
# Subtest: report snapshot retains exact result and model provenance without promoting null values
ok 43 - report snapshot retains exact result and model provenance without promoting null values
  ---
  duration_ms: 1.155416
  type: 'test'
  ...
# Subtest: report writes are idempotent, editable and isolated from older versions
ok 44 - report writes are idempotent, editable and isolated from older versions
  ---
  duration_ms: 1.921625
  type: 'test'
  ...
# Subtest: explicit target switch clears incompatible selection atomically and keeps target identity
ok 45 - explicit target switch clears incompatible selection atomically and keeps target identity
  ---
  duration_ms: 9.63025
  type: 'test'
  ...
# Subtest: metric lookup matches the selected version and never another version of the same model
ok 46 - metric lookup matches the selected version and never another version of the same model
  ---
  duration_ms: 1.696958
  type: 'test'
  ...
# Subtest: metric formatting uses metric types, not the magnitude of a value
ok 47 - metric formatting uses metric types, not the magnitude of a value
  ---
  duration_ms: 1.464958
  type: 'test'
  ...
# Subtest: candidate return cannot substitute simulation or another subject
ok 48 - candidate return cannot substitute simulation or another subject
  ---
  duration_ms: 8.493042
  type: 'test'
  ...
# Subtest: expanding both sides of a cyclic relationship terminates without duplicating nodes
ok 49 - expanding both sides of a cyclic relationship terminates without duplicating nodes
  ---
  duration_ms: 3.9535
  type: 'test'
  ...
# Subtest: box selection intersects rather than overwrites the original enterprise scope
ok 50 - box selection intersects rather than overwrites the original enterprise scope
  ---
  duration_ms: 29.951125
  type: 'test'
  ...
# Subtest: empty business/query scopes stay empty until the user explicitly shows all enterprises
ok 51 - empty business/query scopes stay empty until the user explicitly shows all enterprises
  ---
  duration_ms: 59.553709
  type: 'test'
  ...
# Subtest: named enterprise questions can leave the previous geographic box explicitly
ok 52 - named enterprise questions can leave the previous geographic box explicitly
  ---
  duration_ms: 88.467917
  type: 'test'
  ...
# Subtest: box filters persist and undo independently without deleting saved business records
ok 53 - box filters persist and undo independently without deleting saved business records
  ---
  duration_ms: 0.737958
  type: 'test'
  ...
# Subtest: restored box IDs are validated and deduplicated without broadening an empty scope
ok 54 - restored box IDs are validated and deduplicated without broadening an empty scope
  ---
  duration_ms: 0.526333
  type: 'test'
  ...
# Subtest: dataset identities, foreign keys and digest are valid
ok 55 - dataset identities, foreign keys and digest are valid
  ---
  duration_ms: 35.897959
  type: 'test'
  ...
# Subtest: invalid identity, dates, locations and ownership are rejected
ok 56 - invalid identity, dates, locations and ownership are rejected
  ---
  duration_ms: 19.677708
  type: 'test'
  ...
# Subtest: all three source financing aggregates reconcile exactly
ok 57 - all three source financing aggregates reconcile exactly
  ---
  duration_ms: 13.8765
  type: 'test'
  ...
# Subtest: cost is principal weighted, not average of enterprises
ok 58 - cost is principal weighted, not average of enterprises
  ---
  duration_ms: 3.599416
  type: 'test'
  ...
# Subtest: unique loan IDs counted once; guarantees and unused facilities not principal
ok 59 - unique loan IDs counted once; guarantees and unused facilities not principal
  ---
  duration_ms: 11.796792
  type: 'test'
  ...
# Subtest: empty object scope never becomes all; zero principal means no available cost
ok 60 - empty object scope never becomes all; zero principal means no available cost
  ---
  duration_ms: 20.595167
  type: 'test'
  ...
# Subtest: maturity window excludes asOf and includes the exact horizon endpoint
ok 61 - maturity window excludes asOf and includes the exact horizon endpoint
  ---
  duration_ms: 0.866667
  type: 'test'
  ...
# Subtest: facilities must remain valid through the end of the selected window
ok 62 - facilities must remain valid through the end of the selected window
  ---
  duration_ms: 9.403583
  type: 'test'
  ...
# Subtest: cash from a surplus enterprise cannot cancel another enterprise gap
ok 63 - cash from a surplus enterprise cannot cancel another enterprise gap
  ---
  duration_ms: 4.527916
  type: 'test'
  ...
# Subtest: scenario changes only scoped floating rates; input data and risk scores remain immutable
ok 64 - scenario changes only scoped floating rates; input data and risk scores remain immutable
  ---
  duration_ms: 30.662292
  type: 'test'
  ...
# Subtest: bank scoped scenario preserves every other bank and enterprise
ok 65 - bank scoped scenario preserves every other bank and enterprise
  ---
  duration_ms: 1.544042
  type: 'test'
  ...
# Subtest: extension never resurrects expired or future-start loans
ok 66 - extension never resurrects expired or future-start loans
  ---
  duration_ms: 1.045625
  type: 'test'
  ...
# Subtest: scenario rejects data, ontology, parameters, scope and horizon mismatches
ok 67 - scenario rejects data, ontology, parameters, scope and horizon mismatches
  ---
  duration_ms: 1.441333
  type: 'test'
  ...
# Subtest: query preserves explicit empty and existing scopes; named aliases resolve canonical identities
ok 68 - query preserves explicit empty and existing scopes; named aliases resolve canonical identities
  ---
  duration_ms: 36.161
  type: 'test'
  ...
# Subtest: query rejects unknown subjects, unsupported windows and unregistered financial requests
ok 69 - query rejects unknown subjects, unsupported windows and unregistered financial requests
  ---
  duration_ms: 1.148542
  type: 'test'
  ...
# Subtest: metric query does not silently narrow to enterprises with a gap
ok 70 - metric query does not silently narrow to enterprises with a gap
  ---
  duration_ms: 16.24575
  type: 'test'
  ...
# Subtest: selected enterprise is used only for an explicit singular reference
not ok 71 - selected enterprise is used only for an explicit singular reference
  ---
  duration_ms: 8.433875
  type: 'test'
  location: '/Users/domi/Public/Vibecoding/ontology3.0-worktrees/prototype-composite-v1.3.0/designs/prototype-work/v1.4/tests/domain.test.mjs:268:1'
  failureType: 'testCodeFailure'
  error: '主体未登记或无法完整识别，请选择对象列表中的企业名称、ENT-ID或已登记别名；当前范围未改变。'
  code: 'ERR_TEST_FAILURE'
  stack: |-
    parseQuestion (file:///Users/domi/Public/Vibecoding/ontology3.0-worktrees/prototype-composite-v1.3.0/designs/prototype-work/v1.4/src/domain.js:387:11)
    query (file:///Users/domi/Public/Vibecoding/ontology3.0-worktrees/prototype-composite-v1.3.0/designs/prototype-work/v1.4/src/domain.js:482:18)
    TestContext.<anonymous> (file:///Users/domi/Public/Vibecoding/ontology3.0-worktrees/prototype-composite-v1.3.0/designs/prototype-work/v1.4/tests/domain.test.mjs:275:5)
    Test.runInAsyncScope (node:async_hooks:214:14)
    Test.run (node:internal/test_runner/test:1047:25)
    Test.processPendingSubtests (node:internal/test_runner/test:744:18)
    Test.postRun (node:internal/test_runner/test:1173:19)
    Test.run (node:internal/test_runner/test:1101:12)
    async Test.processPendingSubtests (node:internal/test_runner/test:744:7)
  ...
# Subtest: named bank returns only its actual loan exposure
ok 72 - named bank returns only its actual loan exposure
  ---
  duration_ms: 2.410042
  type: 'test'
  ...
# Subtest: query extracts independent rate, credit, extension and horizon parameters
ok 73 - query extracts independent rate, credit, extension and horizon parameters
  ---
  duration_ms: 0.218417
  type: 'test'
  ...
# Subtest: semantic threshold applies identically to query and filter rows
not ok 74 - semantic threshold applies identically to query and filter rows
  ---
  duration_ms: 1.41075
  type: 'test'
  location: '/Users/domi/Public/Vibecoding/ontology3.0-worktrees/prototype-composite-v1.3.0/designs/prototype-work/v1.4/tests/domain.test.mjs:306:1'
  failureType: 'testCodeFailure'
  error: '主体未登记或无法完整识别，请选择对象列表中的企业名称、ENT-ID或已登记别名；当前范围未改变。'
  code: 'ERR_TEST_FAILURE'
  stack: |-
    parseQuestion (file:///Users/domi/Public/Vibecoding/ontology3.0-worktrees/prototype-composite-v1.3.0/designs/prototype-work/v1.4/src/domain.js:387:11)
    query (file:///Users/domi/Public/Vibecoding/ontology3.0-worktrees/prototype-composite-v1.3.0/designs/prototype-work/v1.4/src/domain.js:482:18)
    TestContext.<anonymous> (file:///Users/domi/Public/Vibecoding/ontology3.0-worktrees/prototype-composite-v1.3.0/designs/prototype-work/v1.4/tests/domain.test.mjs:321:20)
    Test.runInAsyncScope (node:async_hooks:214:14)
    Test.run (node:internal/test_runner/test:1047:25)
    Test.processPendingSubtests (node:internal/test_runner/test:744:18)
    Test.postRun (node:internal/test_runner/test:1173:19)
    Test.run (node:internal/test_runner/test:1101:12)
    async Test.processPendingSubtests (node:internal/test_runner/test:744:7)
  ...
# Subtest: task validation, deduplication and complete/reopen audit trail
ok 75 - task validation, deduplication and complete/reopen audit trail
  ---
  duration_ms: 0.32275
  type: 'test'
  ...
# Subtest: task requires the exact source plan identity and retains a deep snapshot
ok 76 - task requires the exact source plan identity and retains a deep snapshot
  ---
  duration_ms: 0.152542
  type: 'test'
  ...
# Subtest: report uses the recorded plan and cannot attach a different active plan
ok 77 - report uses the recorded plan and cannot attach a different active plan
  ---
  duration_ms: 0.255208
  type: 'test'
  ...
# Subtest: reports and CSV escape user controlled strings
ok 78 - reports and CSV escape user controlled strings
  ---
  duration_ms: 18.145166
  type: 'test'
  ...
# Subtest: store persists, restores and undoes filters without changing records
ok 79 - store persists, restores and undoes filters without changing records
  ---
  duration_ms: 0.618125
  type: 'test'
  ...
# Subtest: storage failure leaves a usable session and emits a persistence warning
ok 80 - storage failure leaves a usable session and emits a persistence warning
  ---
  duration_ms: 0.182375
  type: 'test'
  ...
# Subtest: facility drilldown uses exactly the same scenario values as enterprise credit totals
ok 81 - facility drilldown uses exactly the same scenario values as enterprise credit totals
  ---
  duration_ms: 0.562
  type: 'test'
  ...
# Subtest: entity suffix boundaries and ambiguous condition groups never silently select a different scope
not ok 82 - entity suffix boundaries and ambiguous condition groups never silently select a different scope
  ---
  duration_ms: 3.692042
  type: 'test'
  location: '/Users/domi/Public/Vibecoding/ontology3.0-worktrees/prototype-composite-v1.3.0/designs/prototype-work/v1.4/tests/domain.test.mjs:416:1'
  failureType: 'testCodeFailure'
  error: '主体未登记或无法完整识别，请选择对象列表中的企业名称、ENT-ID或已登记别名；当前范围未改变。'
  code: 'ERR_TEST_FAILURE'
  stack: |-
    parseQuestion (file:///Users/domi/Public/Vibecoding/ontology3.0-worktrees/prototype-composite-v1.3.0/designs/prototype-work/v1.4/src/domain.js:387:11)
    query (file:///Users/domi/Public/Vibecoding/ontology3.0-worktrees/prototype-composite-v1.3.0/designs/prototype-work/v1.4/src/domain.js:482:18)
    TestContext.<anonymous> (file:///Users/domi/Public/Vibecoding/ontology3.0-worktrees/prototype-composite-v1.3.0/designs/prototype-work/v1.4/tests/domain.test.mjs:426:5)
    Test.runInAsyncScope (node:async_hooks:214:14)
    Test.run (node:internal/test_runner/test:1047:25)
    Test.processPendingSubtests (node:internal/test_runner/test:744:18)
    Test.postRun (node:internal/test_runner/test:1173:19)
    Test.run (node:internal/test_runner/test:1101:12)
    async Test.processPendingSubtests (node:internal/test_runner/test:744:7)
  ...
# Subtest: task reassignment preserves execution status and original history
ok 83 - task reassignment preserves execution status and original history
  ---
  duration_ms: 0.367541
  type: 'test'
  ...
# Subtest: report evidence must match the exact result scope and horizon
ok 84 - report evidence must match the exact result scope and horizon
  ---
  duration_ms: 0.400042
  type: 'test'
  ...
# Subtest: risk explanation separates historical scoring from synthetic financing
ok 85 - risk explanation separates historical scoring from synthetic financing
  ---
  duration_ms: 5.66375
  type: 'test'
  ...
# Subtest: corrupted storage falls back; invalid historical plans cannot be active
ok 86 - corrupted storage falls back; invalid historical plans cannot be active
  ---
  duration_ms: 0.848625
  type: 'test'
  ...
# Subtest: geographic bounds support antimeridian crossing and include boundaries
ok 87 - geographic bounds support antimeridian crossing and include boundaries
  ---
  duration_ms: 0.127084
  type: 'test'
  ...
# Subtest: cross-module transfer preserves explicit empty scopes and never replaces non-enterprise objects with all enterprises
ok 88 - cross-module transfer preserves explicit empty scopes and never replaces non-enterprise objects with all enterprises
  ---
  duration_ms: 2.150291
  type: 'test'
  ...
# Subtest: every inherited v1.3.2 source file remains unchanged; all 45 inherited files exist
not ok 89 - every inherited v1.3.2 source file remains unchanged; all 45 inherited files exist
  ---
  duration_ms: 13.687
  type: 'test'
  location: '/Users/domi/Public/Vibecoding/ontology3.0-worktrees/prototype-composite-v1.3.0/designs/prototype-work/v1.4/tests/inheritance.test.mjs:47:1'
  failureType: 'testCodeFailure'
  error: |-
    unrelated inherited change: model-center/app.js
    + actual - expected
    
    + 'cd91d1c8b5157e4fefaa1979629cf446395b8f5953e8cb25604c27753b629ee4'
    - '51b30ddbdab505558ffbf5840c1c7cc9b4d7f5b72bf1a89efc6cba82e312e3e3'
    
  code: 'ERR_ASSERTION'
  name: 'AssertionError'
  expected: '51b30ddbdab505558ffbf5840c1c7cc9b4d7f5b72bf1a89efc6cba82e312e3e3'
  actual: 'cd91d1c8b5157e4fefaa1979629cf446395b8f5953e8cb25604c27753b629ee4'
  operator: 'strictEqual'
  stack: |-
    TestContext.<anonymous> (file:///Users/domi/Public/Vibecoding/ontology3.0-worktrees/prototype-composite-v1.3.0/designs/prototype-work/v1.4/tests/inheritance.test.mjs:57:14)
    Test.runInAsyncScope (node:async_hooks:214:14)
    Test.run (node:internal/test_runner/test:1047:25)
    Test.processPendingSubtests (node:internal/test_runner/test:744:18)
    Test.postRun (node:internal/test_runner/test:1173:19)
    Test.run (node:internal/test_runner/test:1101:12)
    async startSubtestAfterBootstrap (node:internal/test_runner/harness:296:3)
  ...
# Subtest: all original modules, five domains and resource content are inherited without replacements
ok 90 - all original modules, five domains and resource content are inherited without replacements
  ---
  duration_ms: 184.224
  type: 'test'
  ...
# Subtest: the default entry is the inherited platform, not the standalone map application
ok 91 - the default entry is the inherited platform, not the standalone map application
  ---
  duration_ms: 1.354166
  type: 'test'
  ...
# Subtest: joint views extend existing module task lists instead of removing originals
ok 92 - joint views extend existing module task lists instead of removing originals
  ---
  duration_ms: 0.931125
  type: 'test'
  ...
# Subtest: repeated joint-report sync preserves prose edited in the inherited editor
not ok 93 - repeated joint-report sync preserves prose edited in the inherited editor
  ---
  duration_ms: 26.52475
  type: 'test'
  location: '/Users/domi/Public/Vibecoding/ontology3.0-worktrees/prototype-composite-v1.3.0/designs/prototype-work/v1.4/tests/inheritance.test.mjs:147:1'
  failureType: 'testCodeFailure'
  error: |-
    The expression evaluated to a falsy value:
    
      assert.ok(
    
  code: 'ERR_ASSERTION'
  name: 'AssertionError'
  expected: true
  actual: false
  operator: '=='
  stack: |-
    TestContext.<anonymous> (file:///Users/domi/Public/Vibecoding/ontology3.0-worktrees/prototype-composite-v1.3.0/designs/prototype-work/v1.4/tests/inheritance.test.mjs:197:10)
    Test.runInAsyncScope (node:async_hooks:214:14)
    Test.run (node:internal/test_runner/test:1047:25)
    Test.processPendingSubtests (node:internal/test_runner/test:744:18)
    Test.postRun (node:internal/test_runner/test:1173:19)
    Test.run (node:internal/test_runner/test:1101:12)
    async Test.processPendingSubtests (node:internal/test_runner/test:744:7)
  ...
# Subtest: native rule bootstrap attaches revisions to the existing ontologies without modifying published versions
ok 94 - native rule bootstrap attaches revisions to the existing ontologies without modifying published versions
  ---
  duration_ms: 15.710875
  type: 'test'
  ...
# Subtest: bootstrap is idempotent and never overwrites edited native rule drafts
ok 95 - bootstrap is idempotent and never overwrites edited native rule drafts
  ---
  duration_ms: 1.201833
  type: 'test'
  ...
# Subtest: legacy threshold drafts migrate into the owning financing draft without losing their evidence
ok 96 - legacy threshold drafts migrate into the owning financing draft without losing their evidence
  ---
  duration_ms: 0.4035
  type: 'test'
  ...
# Subtest: the generated metric catalogue is identical to the workbench source definitions
ok 97 - the generated metric catalogue is identical to the workbench source definitions
  ---
  duration_ms: 1.309167
  type: 'test'
  ...
# Subtest: question and report evidence retain the owning ontology and native rule revision
ok 98 - question and report evidence retain the owning ontology and native rule revision
  ---
  duration_ms: 172.932958
  type: 'test'
  ...
# Subtest: an explicit new query threshold does not claim the previous native rule identity
not ok 99 - an explicit new query threshold does not claim the previous native rule identity
  ---
  duration_ms: 6.014458
  type: 'test'
  location: '/Users/domi/Public/Vibecoding/ontology3.0-worktrees/prototype-composite-v1.3.0/designs/prototype-work/v1.4/tests/owned-rules.test.mjs:142:1'
  failureType: 'testCodeFailure'
  error: '主体未登记或无法完整识别，请选择对象列表中的企业名称、ENT-ID或已登记别名；当前范围未改变。'
  code: 'ERR_TEST_FAILURE'
  stack: |-
    parseQuestion (file:///Users/domi/Public/Vibecoding/ontology3.0-worktrees/prototype-composite-v1.3.0/designs/prototype-work/v1.4/src/domain.js:387:11)
    query (file:///Users/domi/Public/Vibecoding/ontology3.0-worktrees/prototype-composite-v1.3.0/designs/prototype-work/v1.4/src/domain.js:482:18)
    TestContext.<anonymous> (file:///Users/domi/Public/Vibecoding/ontology3.0-worktrees/prototype-composite-v1.3.0/designs/prototype-work/v1.4/tests/owned-rules.test.mjs:149:18)
    Test.runInAsyncScope (node:async_hooks:214:14)
    Test.run (node:internal/test_runner/test:1047:25)
    Test.processPendingSubtests (node:internal/test_runner/test:744:18)
    Test.postRun (node:internal/test_runner/test:1173:19)
    Test.run (node:internal/test_runner/test:1101:12)
    async Test.processPendingSubtests (node:internal/test_runner/test:744:7)
  ...
# Subtest: all nine asset snapshots exactly match the currently consumed simulation data
ok 100 - all nine asset snapshots exactly match the currently consumed simulation data
  ---
  duration_ms: 14.525375
  type: 'test'
  ...
# Subtest: missing fields, duplicate primary keys and dangling references reject the snapshot
ok 101 - missing fields, duplicate primary keys and dangling references reject the snapshot
  ---
  duration_ms: 11.556542
  type: 'test'
  ...
# Subtest: Excel is a real complete workbook with the exact registered SHA-256 and byte length
ok 102 - Excel is a real complete workbook with the exact registered SHA-256 and byte length
  ---
  duration_ms: 1.8525
  type: 'test'
  ...
# Subtest: every exported Excel cell retains its value, date/percentage type, frozen headers and full record coverage
ok 103 - every exported Excel cell retains its value, date/percentage type, frozen headers and full record coverage
  ---
  duration_ms: 963.248833
  type: 'test'
  ...
1..103
# tests 103
# suites 0
# pass 97
# fail 6
# cancelled 0
# skipped 0
# todo 0
# duration_ms 1756.086625
