PASS Desktop: unified objects, offline map and nonblank WebGL
PASS Global globe, animated zoom, camera persistence and stable analysis scope
PASS Wheel zoom and drag do not change the object set
PASS Enterprise -> loan -> bank -> related enterprise -> back chain
PASS Inspector can scroll fully to sources; definitions reveal contributing loans
PASS Guarantee, facility, project and event all drill into linked subjects
PASS Same-screen query filters map and preserves empty/failed query boundaries
PASS Query parameters -> live scenario -> save without reconstructing the map
PASS Scenario facility drilldown displays adjusted value and the original snapshot
PASS Old query report remains a baseline snapshot despite active scenario
PASS Scenario -> confirmed task -> progress -> completed -> review report -> download
PASS Independent second scenario and aligned comparison
PASS Explicit cost threshold query preserves the shared map cohort and rule evidence
PASS Isolated model API and standalone model workspace load
PASS Saved exploration and reload retain filters, camera, tasks and reports
PASS 1280x720: no page overflow, object table scroll reaches last row
PASS Mobile map renders and analysis/object drawers remain usable
PASS Mobile documents and modal fit, scroll and escape
PASS Box selection and undo preserve an explicit object cohort
PASS Rendered map points and clusters respond to actual pointer selection
PASS Relationship view pans, zooms, resets and matrix retains inspectable enterprise points
PASS Report review freezes a version; revision creates an independent editable draft
PASS Deleted scenario can be restored from a saved exploration without substituting baseline
PASS Cancelled query does not change scope and preserves cancellation history
PASS Unavailable dataset has a retryable error state
Verified 25 workflows; screenshots: /Users/domi/Public/Vibecoding/ontology3.0-worktrees/prototype-composite-v1.3.0/outputs/fixes-v1.4/browser/
