node:internal/modules/run_main:123
    triggerUncaughtException(
    ^

page.screenshot: Timeout 14000ms exceeded.
Call log:
[2m  - taking page screenshot[22m
[2m  - waiting for fonts to load...[22m
[2m  - fonts loaded[22m

    at shot (/Users/domi/Public/Vibecoding/ontology3.0-worktrees/prototype-composite-v1.3.0/designs/prototype-work/v1.4/tests/inherited-browser.mjs:39:15)
    at async file:///Users/domi/Public/Vibecoding/ontology3.0-worktrees/prototype-composite-v1.3.0/designs/prototype-work/v1.4/tests/inherited-browser.mjs:102:7
    at async check (/Users/domi/Public/Vibecoding/ontology3.0-worktrees/prototype-composite-v1.3.0/designs/prototype-work/v1.4/tests/inherited-browser.mjs:33:3)
    at async file:///Users/domi/Public/Vibecoding/ontology3.0-worktrees/prototype-composite-v1.3.0/designs/prototype-work/v1.4/tests/inherited-browser.mjs:91:3 {
  log: [
    '  - taking page screenshot',
    '  - waiting for fonts to load...',
    '  - fonts loaded'
  ],
  name: 'TimeoutError'
}

Node.js v22.22.0
