Downloading Chrome Headless Shell 153.0.8010.12 (playwright chromium-headless-shell v1243)[2m from https://cdn.playwright.dev/builds/cft/153.0.8010.12/mac-arm64/chrome-headless-shell-mac-arm64.zip[22m
|                                                                                |   0% of 94.3 MiB
|■■■■■■■■                                                                        |  10% of 94.3 MiB
|■■■■■■■■■■■■■■■■                                                                |  20% of 94.3 MiB
|■■■■■■■■■■■■■■■■■■■■■■■■                                                        |  30% of 94.3 MiB
|■■■■■■■■■■■■■■■■■■■■■■■■■■■■■■■■                                                |  40% of 94.3 MiB
|■■■■■■■■■■■■■■■■■■■■■■■■■■■■■■■■■■■■■■■■                                        |  50% of 94.3 MiB
|■■■■■■■■■■■■■■■■■■■■■■■■■■■■■■■■■■■■■■■■■■■■■■■■                                |  60% of 94.3 MiB
|■■■■■■■■■■■■■■■■■■■■■■■■■■■■■■■■■■■■■■■■■■■■■■■■■■■■■■■■                        |  70% of 94.3 MiB
|■■■■■■■■■■■■■■■■■■■■■■■■■■■■■■■■■■■■■■■■■■■■■■■■■■■■■■■■■■■■■■■■                |  80% of 94.3 MiB
|■■■■■■■■■■■■■■■■■■■■■■■■■■■■■■■■■■■■■■■■■■■■■■■■■■■■■■■■■■■■■■■■■■■■■■■■        |  90% of 94.3 MiB
|■■■■■■■■■■■■■■■■■■■■■■■■■■■■■■■■■■■■■■■■■■■■■■■■■■■■■■■■■■■■■■■■■■■■■■■■■■■■■■■■| 100% of 94.3 MiB
Chrome Headless Shell 153.0.8010.12 (playwright chromium-headless-shell v1243) downloaded to /Users/domi/Public/Vibecoding/ontology3.0-worktrees/prototype-v1.4-review/outputs/review-v1.4/m07-review-20260909/browser-cache/chromium_headless_shell-1243
Downloading FFmpeg (playwright ffmpeg v1011)[2m from https://cdn.playwright.dev/dbazure/download/playwright/builds/ffmpeg/1011/ffmpeg-mac-arm64.zip[22m
|                                                                                |   0% of 1 MiB
|■■■■■■■■                                                                        |  10% of 1 MiB
|■■■■■■■■■■■■■■■■                                                                |  20% of 1 MiB
|■■■■■■■■■■■■■■■■■■■■■■■■                                                        |  31% of 1 MiB
|■■■■■■■■■■■■■■■■■■■■■■■■■■■■■■■■                                                |  41% of 1 MiB
|■■■■■■■■■■■■■■■■■■■■■■■■■■■■■■■■■■■■■■■■                                        |  50% of 1 MiB
|■■■■■■■■■■■■■■■■■■■■■■■■■■■■■■■■■■■■■■■■■■■■■■■■                                |  60% of 1 MiB
|■■■■■■■■■■■■■■■■■■■■■■■■■■■■■■■■■■■■■■■■■■■■■■■■■■■■■■■■                        |  70% of 1 MiB
|■■■■■■■■■■■■■■■■■■■■■■■■■■■■■■■■■■■■■■■■■■■■■■■■■■■■■■■■■■■■■■■■                |  81% of 1 MiB
|■■■■■■■■■■■■■■■■■■■■■■■■■■■■■■■■■■■■■■■■■■■■■■■■■■■■■■■■■■■■■■■■■■■■■■■■        |  90% of 1 MiB
|■■■■■■■■■■■■■■■■■■■■■■■■■■■■■■■■■■■■■■■■■■■■■■■■■■■■■■■■■■■■■■■■■■■■■■■■■■■■■■■■| 100% of 1 MiB
FFmpeg (playwright ffmpeg v1011) downloaded to /Users/domi/Public/Vibecoding/ontology3.0-worktrees/prototype-v1.4-review/outputs/review-v1.4/m07-review-20260909/browser-cache/ffmpeg-1011
