2026-09-09T03:28:27.622Z pw:browser <launching> /Users/domi/Library/Caches/ms-playwright/chromium_headless_shell-1234/chrome-headless-shell-mac-arm64/chrome-headless-shell --disable-field-trial-config --disable-background-networking --disable-background-timer-throttling --disable-backgrounding-occluded-windows --disable-back-forward-cache --disable-breakpad --disable-client-side-phishing-detection --disable-component-extensions-with-background-pages --disable-component-update --no-default-browser-check --disable-default-apps --disable-dev-shm-usage --disable-edgeupdater --disable-extensions --disable-features=AvoidUnnecessaryBeforeUnloadCheckSync,DestroyProfileOnBrowserClose,DialMediaRouteProvider,GlobalMediaControls,HttpsUpgrades,LensOverlay,MediaRouter,PaintHolding,ThirdPartyStoragePartitioning,BlockOriginHeaderModificationOnRedirect,Translate,AutoDeElevate,OptimizationHints,msForceBrowserSignIn,msEdgeUpdateLaunchServicesPreferredVersion --enable-features=CDPScreenshotNewSurface --allow-pre-commit-input --disable-hang-monitor --disable-ipc-flooding-protection --disable-popup-blocking --disable-prompt-on-repost --disable-renderer-backgrounding --disable-updater-scheduler --force-color-profile=srgb --metrics-recording-only --no-first-run --password-store=basic --use-mock-keychain --no-service-autorun --export-tagged-pdf --disable-search-engine-choice-screen --unsafely-disable-devtools-self-xss-warnings --edge-skip-compat-layer-relaunch --disable-infobars --disable-search-engine-choice-screen --disable-sync --enable-unsafe-swiftshader --headless --hide-scrollbars --mute-audio --blink-settings=primaryHoverType=2,availableHoverTypes=2,primaryPointerType=4,availablePointerTypes=4 --no-sandbox --enable-begin-frame-control --run-all-compositor-stages-before-draw --use-angle=swiftshader --enable-unsafe-swiftshader --disable-background-timer-throttling --disable-renderer-backgrounding --user-data-dir=/var/folders/64/j8g5rs451cz6_0p3554tl8380000gn/T/playwright_chromiumdev_profile-EQkoVi --remote-debugging-pipe --no-startup-window
2026-09-09T03:28:28.283Z pw:browser <launched> pid=97879
2026-09-09T03:28:44.380Z pw:browser [pid=97879][err] [0909/112844.002263:ERROR:ui/display/mac/cv_display_link_mac.mm:195] CVDisplayLinkCreateWithCGDisplay failed. CVReturn: -6670
2026-09-09T03:28:44.646Z pw:browser [pid=97879][err] [0909/112844.002945:ERROR:ui/display/mac/cv_display_link_mac.mm:195] CVDisplayLinkCreateWithCGDisplay failed. CVReturn: -6670
2026-09-09T03:28:45.140Z pw:browser [pid=97879][err] [0909/112844.867154:ERROR:ui/display/mac/cv_display_link_mac.mm:195] CVDisplayLinkCreateWithCGDisplay failed. CVReturn: -6670
2026-09-09T03:28:45.140Z pw:browser [pid=97879][err] [0909/112844.867210:ERROR:ui/display/mac/cv_display_link_mac.mm:195] CVDisplayLinkCreateWithCGDisplay failed. CVReturn: -6670
2026-09-09T03:28:47.034Z pw:browser [pid=97879][err] [0909/112846.933192:ERROR:ui/display/mac/cv_display_link_mac.mm:195] CVDisplayLinkCreateWithCGDisplay failed. CVReturn: -6670
2026-09-09T03:28:47.034Z pw:browser [pid=97879][err] [0909/112846.933255:ERROR:ui/display/mac/cv_display_link_mac.mm:195] CVDisplayLinkCreateWithCGDisplay failed. CVReturn: -6670
2026-09-09T03:29:11.218Z pw:browser [pid=97879] <kill>
2026-09-09T03:29:11.220Z pw:browser [pid=97879] <will force kill>
2026-09-09T03:29:11.220Z pw:browser [pid=97879] starting temporary directories cleanup
2026-09-09T03:29:11.231Z pw:browser [pid=97879] finished temporary directories cleanup
node:internal/modules/run_main:123
    triggerUncaughtException(
    ^

page.goto: Target page, context or browser has been closed
Call log:
[2m  - navigating to "http://127.0.0.1:4434/", waiting until "commit"[22m

    at /Users/domi/Public/Vibecoding/ontology3.0-worktrees/prototype-v1.4-review/outputs/review-v1.4/m07-review-20260909/scripts/browser-session.mjs:28:46 {
  log: [
    '  - navigating to "http://127.0.0.1:4434/", waiting until "commit"'
  ]
}

Node.js v22.22.0
